Archive member included to satisfy reference by file (symbol)

D:/Softwares/STM32CubeIDE/STM32CubeIDE_1.16.1/STM32CubeIDE/plugins/com.st.stm32cube.ide.mcu.externaltools.gnu-tools-for-stm32.12.3.rel1.win32_1.0.200.202406191623/tools/bin/../lib/gcc/arm-none-eabi/12.3.1/../../../../arm-none-eabi/lib/thumb/v7-m/nofp\libc_nano.a(libc_a-exit.o)
                              D:/Softwares/STM32CubeIDE/STM32CubeIDE_1.16.1/STM32CubeIDE/plugins/com.st.stm32cube.ide.mcu.externaltools.gnu-tools-for-stm32.12.3.rel1.win32_1.0.200.202406191623/tools/bin/../lib/gcc/arm-none-eabi/12.3.1/../../../../arm-none-eabi/lib/thumb/v7-m/nofp/crt0.o (exit)
D:/Softwares/STM32CubeIDE/STM32CubeIDE_1.16.1/STM32CubeIDE/plugins/com.st.stm32cube.ide.mcu.externaltools.gnu-tools-for-stm32.12.3.rel1.win32_1.0.200.202406191623/tools/bin/../lib/gcc/arm-none-eabi/12.3.1/../../../../arm-none-eabi/lib/thumb/v7-m/nofp\libc_nano.a(libc_a-findfp.o)
                              D:/Softwares/STM32CubeIDE/STM32CubeIDE_1.16.1/STM32CubeIDE/plugins/com.st.stm32cube.ide.mcu.externaltools.gnu-tools-for-stm32.12.3.rel1.win32_1.0.200.202406191623/tools/bin/../lib/gcc/arm-none-eabi/12.3.1/../../../../arm-none-eabi/lib/thumb/v7-m/nofp\libc_nano.a(libc_a-exit.o) (__stdio_exit_handler)
D:/Softwares/STM32CubeIDE/STM32CubeIDE_1.16.1/STM32CubeIDE/plugins/com.st.stm32cube.ide.mcu.externaltools.gnu-tools-for-stm32.12.3.rel1.win32_1.0.200.202406191623/tools/bin/../lib/gcc/arm-none-eabi/12.3.1/../../../../arm-none-eabi/lib/thumb/v7-m/nofp\libc_nano.a(libc_a-fwalk.o)
                              D:/Softwares/STM32CubeIDE/STM32CubeIDE_1.16.1/STM32CubeIDE/plugins/com.st.stm32cube.ide.mcu.externaltools.gnu-tools-for-stm32.12.3.rel1.win32_1.0.200.202406191623/tools/bin/../lib/gcc/arm-none-eabi/12.3.1/../../../../arm-none-eabi/lib/thumb/v7-m/nofp\libc_nano.a(libc_a-findfp.o) (_fwalk_sglue)
D:/Softwares/STM32CubeIDE/STM32CubeIDE_1.16.1/STM32CubeIDE/plugins/com.st.stm32cube.ide.mcu.externaltools.gnu-tools-for-stm32.12.3.rel1.win32_1.0.200.202406191623/tools/bin/../lib/gcc/arm-none-eabi/12.3.1/../../../../arm-none-eabi/lib/thumb/v7-m/nofp\libc_nano.a(libc_a-stdio.o)
                              D:/Softwares/STM32CubeIDE/STM32CubeIDE_1.16.1/STM32CubeIDE/plugins/com.st.stm32cube.ide.mcu.externaltools.gnu-tools-for-stm32.12.3.rel1.win32_1.0.200.202406191623/tools/bin/../lib/gcc/arm-none-eabi/12.3.1/../../../../arm-none-eabi/lib/thumb/v7-m/nofp\libc_nano.a(libc_a-findfp.o) (__sread)
D:/Softwares/STM32CubeIDE/STM32CubeIDE_1.16.1/STM32CubeIDE/plugins/com.st.stm32cube.ide.mcu.externaltools.gnu-tools-for-stm32.12.3.rel1.win32_1.0.200.202406191623/tools/bin/../lib/gcc/arm-none-eabi/12.3.1/../../../../arm-none-eabi/lib/thumb/v7-m/nofp\libc_nano.a(libc_a-memset.o)
                              D:/Softwares/STM32CubeIDE/STM32CubeIDE_1.16.1/STM32CubeIDE/plugins/com.st.stm32cube.ide.mcu.externaltools.gnu-tools-for-stm32.12.3.rel1.win32_1.0.200.202406191623/tools/bin/../lib/gcc/arm-none-eabi/12.3.1/../../../../arm-none-eabi/lib/thumb/v7-m/nofp/crt0.o (memset)
D:/Softwares/STM32CubeIDE/STM32CubeIDE_1.16.1/STM32CubeIDE/plugins/com.st.stm32cube.ide.mcu.externaltools.gnu-tools-for-stm32.12.3.rel1.win32_1.0.200.202406191623/tools/bin/../lib/gcc/arm-none-eabi/12.3.1/../../../../arm-none-eabi/lib/thumb/v7-m/nofp\libc_nano.a(libc_a-closer.o)
                              D:/Softwares/STM32CubeIDE/STM32CubeIDE_1.16.1/STM32CubeIDE/plugins/com.st.stm32cube.ide.mcu.externaltools.gnu-tools-for-stm32.12.3.rel1.win32_1.0.200.202406191623/tools/bin/../lib/gcc/arm-none-eabi/12.3.1/../../../../arm-none-eabi/lib/thumb/v7-m/nofp\libc_nano.a(libc_a-stdio.o) (_close_r)
D:/Softwares/STM32CubeIDE/STM32CubeIDE_1.16.1/STM32CubeIDE/plugins/com.st.stm32cube.ide.mcu.externaltools.gnu-tools-for-stm32.12.3.rel1.win32_1.0.200.202406191623/tools/bin/../lib/gcc/arm-none-eabi/12.3.1/../../../../arm-none-eabi/lib/thumb/v7-m/nofp\libc_nano.a(libc_a-reent.o)
                              D:/Softwares/STM32CubeIDE/STM32CubeIDE_1.16.1/STM32CubeIDE/plugins/com.st.stm32cube.ide.mcu.externaltools.gnu-tools-for-stm32.12.3.rel1.win32_1.0.200.202406191623/tools/bin/../lib/gcc/arm-none-eabi/12.3.1/../../../../arm-none-eabi/lib/thumb/v7-m/nofp\libc_nano.a(libc_a-closer.o) (errno)
D:/Softwares/STM32CubeIDE/STM32CubeIDE_1.16.1/STM32CubeIDE/plugins/com.st.stm32cube.ide.mcu.externaltools.gnu-tools-for-stm32.12.3.rel1.win32_1.0.200.202406191623/tools/bin/../lib/gcc/arm-none-eabi/12.3.1/../../../../arm-none-eabi/lib/thumb/v7-m/nofp\libc_nano.a(libc_a-impure.o)
                              D:/Softwares/STM32CubeIDE/STM32CubeIDE_1.16.1/STM32CubeIDE/plugins/com.st.stm32cube.ide.mcu.externaltools.gnu-tools-for-stm32.12.3.rel1.win32_1.0.200.202406191623/tools/bin/../lib/gcc/arm-none-eabi/12.3.1/../../../../arm-none-eabi/lib/thumb/v7-m/nofp\libc_nano.a(libc_a-reent.o) (_impure_ptr)
[...]
Memory Configuration

Name             Origin             Length             Attributes
RAM              0x20000000         0x00005000         xrw
FLASH            0x08000000         0x00020000         xr
*default*        0x00000000         0xffffffff

Linker script and memory map

LOAD D:/Softwares/STM32CubeIDE/STM32CubeIDE_1.16.1/STM32CubeIDE/plugins/com.st.stm32cube.ide.mcu.externaltools.gnu-tools-for-stm32.12.3.rel1.win32_1.0.200.202406191623/tools/bin/../lib/gcc/arm-none-eabi/12.3.1/thumb/v7-m/nofp/crti.o
LOAD D:/Softwares/STM32CubeIDE/STM32CubeIDE_1.16.1/STM32CubeIDE/plugins/com.st.stm32cube.ide.mcu.externaltools.gnu-tools-for-stm32.12.3.rel1.win32_1.0.200.202406191623/tools/bin/../lib/gcc/arm-none-eabi/12.3.1/thumb/v7-m/nofp/crtbegin.o
LOAD D:/Softwares/STM32CubeIDE/STM32CubeIDE_1.16.1/STM32CubeIDE/plugins/com.st.stm32cube.ide.mcu.externaltools.gnu-tools-for-stm32.12.3.rel1.win32_1.0.200.202406191623/tools/bin/../lib/gcc/arm-none-eabi/12.3.1/../../../../arm-none-eabi/lib/thumb/v7-m/nofp/crt0.o
LOAD ./Core/Src/adc.o
LOAD ./Core/Src/dma.o
LOAD ./Core/Src/drone_utils.o
LOAD ./Core/Src/e104bt52.o
LOAD ./Core/Src/gpio.o
LOAD ./Core/Src/i2c.o
LOAD ./Core/Src/led.o
LOAD ./Core/Src/main.o
LOAD ./Core/Src/motor.o
LOAD ./Core/Src/qmi8658.o
LOAD ./Core/Src/stm32f1xx_hal_msp.o
LOAD ./Core/Src/stm32f1xx_it.o
LOAD ./Core/Src/syscalls.o
LOAD ./Core/Src/sysmem.o
LOAD ./Core/Src/system_stm32f1xx.o
LOAD ./Core/Src/tim.o
LOAD ./Core/Src/usart.o
LOAD ./Core/Startup/startup_stm32f103tbux.o
LOAD ./Drivers/STM32F1xx_HAL_Driver/Src/stm32f1xx_hal.o
LOAD ./Drivers/STM32F1xx_HAL_Driver/Src/stm32f1xx_hal_adc.o
LOAD ./Drivers/STM32F1xx_HAL_Driver/Src/stm32f1xx_hal_adc_ex.o
LOAD ./Drivers/STM32F1xx_HAL_Driver/Src/stm32f1xx_hal_cortex.o
LOAD ./Drivers/STM32F1xx_HAL_Driver/Src/stm32f1xx_hal_dma.o
LOAD ./Drivers/STM32F1xx_HAL_Driver/Src/stm32f1xx_hal_exti.o
LOAD ./Drivers/STM32F1xx_HAL_Driver/Src/stm32f1xx_hal_flash.o
LOAD ./Drivers/STM32F1xx_HAL_Driver/Src/stm32f1xx_hal_flash_ex.o
LOAD ./Drivers/STM32F1xx_HAL_Driver/Src/stm32f1xx_hal_gpio.o
LOAD ./Drivers/STM32F1xx_HAL_Driver/Src/stm32f1xx_hal_gpio_ex.o
LOAD ./Drivers/STM32F1xx_HAL_Driver/Src/stm32f1xx_hal_i2c.o
LOAD ./Drivers/STM32F1xx_HAL_Driver/Src/stm32f1xx_hal_pwr.o
LOAD ./Drivers/STM32F1xx_HAL_Driver/Src/stm32f1xx_hal_rcc.o
LOAD ./Drivers/STM32F1xx_HAL_Driver/Src/stm32f1xx_hal_rcc_ex.o
LOAD ./Drivers/STM32F1xx_HAL_Driver/Src/stm32f1xx_hal_tim.o
LOAD ./Drivers/STM32F1xx_HAL_Driver/Src/stm32f1xx_hal_tim_ex.o
LOAD ./Drivers/STM32F1xx_HAL_Driver/Src/stm32f1xx_hal_uart.o
START GROUP
LOAD D:/Softwares/STM32CubeIDE/STM32CubeIDE_1.16.1/STM32CubeIDE/plugins/com.st.stm32cube.ide.mcu.externaltools.gnu-tools-for-stm32.12.3.rel1.win32_1.0.200.202406191623/tools/bin/../lib/gcc/arm-none-eabi/12.3.1/../../../../arm-none-eabi/lib/thumb/v7-m/nofp\libc_nano.a
LOAD D:/Softwares/STM32CubeIDE/STM32CubeIDE_1.16.1/STM32CubeIDE/plugins/com.st.stm32cube.ide.mcu.externaltools.gnu-tools-for-stm32.12.3.rel1.win32_1.0.200.202406191623/tools/bin/../lib/gcc/arm-none-eabi/12.3.1/../../../../arm-none-eabi/lib/thumb/v7-m/nofp\libm.a
END GROUP
START GROUP
LOAD D:/Softwares/STM32CubeIDE/STM32CubeIDE_1.16.1/STM32CubeIDE/plugins/com.st.stm32cube.ide.mcu.externaltools.gnu-tools-for-stm32.12.3.rel1.win32_1.0.200.202406191623/tools/bin/../lib/gcc/arm-none-eabi/12.3.1/thumb/v7-m/nofp\libgcc.a
LOAD D:/Softwares/STM32CubeIDE/STM32CubeIDE_1.16.1/STM32CubeIDE/plugins/com.st.stm32cube.ide.mcu.externaltools.gnu-tools-for-stm32.12.3.rel1.win32_1.0.200.202406191623/tools/bin/../lib/gcc/arm-none-eabi/12.3.1/../../../../arm-none-eabi/lib/thumb/v7-m/nofp\libc_nano.a
END GROUP
START GROUP
LOAD D:/Softwares/STM32CubeIDE/STM32CubeIDE_1.16.1/STM32CubeIDE/plugins/com.st.stm32cube.ide.mcu.externaltools.gnu-tools-for-stm32.12.3.rel1.win32_1.0.200.202406191623/tools/bin/../lib/gcc/arm-none-eabi/12.3.1/thumb/v7-m/nofp\libgcc.a
LOAD D:/Softwares/STM32CubeIDE/STM32CubeIDE_1.16.1/STM32CubeIDE/plugins/com.st.stm32cube.ide.mcu.externaltools.gnu-tools-for-stm32.12.3.rel1.win32_1.0.200.202406191623/tools/bin/../lib/gcc/arm-none-eabi/12.3.1/../../../../arm-none-eabi/lib/thumb/v7-m/nofp\libc_nano.a
LOAD D:/Softwares/STM32CubeIDE/STM32CubeIDE_1.16.1/STM32CubeIDE/plugins/com.st.stm32cube.ide.mcu.externaltools.gnu-tools-for-stm32.12.3.rel1.win32_1.0.200.202406191623/tools/bin/../lib/gcc/arm-none-eabi/12.3.1/../../../../arm-none-eabi/lib/thumb/v7-m/nofp\libnosys.a
END GROUP
START GROUP
LOAD D:/Softwares/STM32CubeIDE/STM32CubeIDE_1.16.1/STM32CubeIDE/plugins/com.st.stm32cube.ide.mcu.externaltools.gnu-tools-for-stm32.12.3.rel1.win32_1.0.200.202406191623/tools/bin/../lib/gcc/arm-none-eabi/12.3.1/thumb/v7-m/nofp\libgcc.a
LOAD D:/Softwares/STM32CubeIDE/STM32CubeIDE_1.16.1/STM32CubeIDE/plugins/com.st.stm32cube.ide.mcu.externaltools.gnu-tools-for-stm32.12.3.rel1.win32_1.0.200.202406191623/tools/bin/../lib/gcc/arm-none-eabi/12.3.1/../../../../arm-none-eabi/lib/thumb/v7-m/nofp\libc_nano.a
LOAD D:/Softwares/STM32CubeIDE/STM32CubeIDE_1.16.1/STM32CubeIDE/plugins/com.st.stm32cube.ide.mcu.externaltools.gnu-tools-for-stm32.12.3.rel1.win32_1.0.200.202406191623/tools/bin/../lib/gcc/arm-none-eabi/12.3.1/../../../../arm-none-eabi/lib/thumb/v7-m/nofp\libnosys.a
END GROUP
LOAD D:/Softwares/STM32CubeIDE/STM32CubeIDE_1.16.1/STM32CubeIDE/plugins/com.st.stm32cube.ide.mcu.externaltools.gnu-tools-for-stm32.12.3.rel1.win32_1.0.200.202406191623/tools/bin/../lib/gcc/arm-none-eabi/12.3.1/thumb/v7-m/nofp/crtend.o
LOAD D:/Softwares/STM32CubeIDE/STM32CubeIDE_1.16.1/STM32CubeIDE/plugins/com.st.stm32cube.ide.mcu.externaltools.gnu-tools-for-stm32.12.3.rel1.win32_1.0.200.202406191623/tools/bin/../lib/gcc/arm-none-eabi/12.3.1/thumb/v7-m/nofp/crtn.o
                0x20005000                        _estack = (ORIGIN (RAM) + LENGTH (RAM))
                0x00000200                        _Min_Heap_Size = 0x200
                0x00000400                        _Min_Stack_Size = 0x400

.isr_vector     0x08000000      0x10c
                0x08000000                        . = ALIGN (0x4)
 *(.isr_vector)
 .isr_vector    0x08000000      0x10c ./Core/Startup/startup_stm32f103tbux.o
                0x08000000                g_pfnVectors
                0x0800010c                        . = ALIGN (0x4)

.text           0x08000110     0xa12c
                0x08000110                        . = ALIGN (0x4)
 *(.text)
 .text          0x08000110       0x40 D:/Softwares/STM32CubeIDE/STM32CubeIDE_1.16.1/STM32CubeIDE/plugins/com.st.stm32cube.ide.mcu.externaltools.gnu-tools-for-stm32.12.3.rel1.win32_1.0.200.202406191623/tools/bin/../lib/gcc/arm-none-eabi/12.3.1/thumb/v7-m/nofp/crtbegin.o
 .text          0x08000150      0x378 D:/Softwares/STM32CubeIDE/STM32CubeIDE_1.16.1/STM32CubeIDE/plugins/com.st.stm32cube.ide.mcu.externaltools.gnu-tools-for-stm32.12.3.rel1.win32_1.0.200.202406191623/tools/bin/../lib/gcc/arm-none-eabi/12.3.1/thumb/v7-m/nofp\libgcc.a(_arm_addsubdf3.o)
                0x08000150                __aeabi_drsub
                0x08000158                __aeabi_dsub
                0x08000158                __subdf3
                0x0800015c                __aeabi_dadd
                0x0800015c                __adddf3
                0x080003d4                __floatunsidf
                0x080003d4                __aeabi_ui2d
                0x080003f4                __floatsidf
                0x080003f4                __aeabi_i2d
                0x08000418                __aeabi_f2d
                0x08000418                __extendsfdf2
                0x0800045c                __floatundidf
                0x0800045c                __aeabi_ul2d
                0x0800046c                __floatdidf
                0x0800046c                __aeabi_l2d
 .text          0x080004c8      0x424 D:/Softwares/STM32CubeIDE/STM32CubeIDE_1.16.1/STM32CubeIDE/plugins/com.st.stm32cube.ide.mcu.externaltools.gnu-tools-for-stm32.12.3.rel1.win32_1.0.200.202406191623/tools/bin/../lib/gcc/arm-none-eabi/12.3.1/thumb/v7-m/nofp\libgcc.a(_arm_muldivdf3.o)
                0x080004c8                __aeabi_dmul
                0x080004c8                __muldf3
                0x0800071c                __divdf3
                0x0800071c                __aeabi_ddiv
 .text          0x080008ec      0x110 D:/Softwares/STM32CubeIDE/STM32CubeIDE_1.16.1/STM32CubeIDE/plugins/com.st.stm32cube.ide.mcu.externaltools.gnu-tools-for-stm32.12.3.rel1.win32_1.0.200.202406191623/tools/bin/../lib/gcc/arm-none-eabi/12.3.1/thumb/v7-m/nofp\libgcc.a(_arm_cmpdf2.o)
                0x080008ec                __gtdf2
                0x080008ec                __gedf2
                0x080008f4                __ltdf2
                0x080008f4                __ledf2
                0x080008fc                __nedf2
                0x080008fc                __eqdf2
                0x080008fc                __cmpdf2
                0x08000978                __aeabi_cdrcmple
                0x08000988                __aeabi_cdcmpeq
                0x08000988                __aeabi_cdcmple
                0x08000998                __aeabi_dcmpeq
                0x080009ac                __aeabi_dcmplt
                0x080009c0                __aeabi_dcmple
                0x080009d4                __aeabi_dcmpge
                0x080009e8                __aeabi_dcmpgt
 .text          0x080009fc       0x2c D:/Softwares/STM32CubeIDE/STM32CubeIDE_1.16.1/STM32CubeIDE/plugins/com.st.stm32cube.ide.mcu.externaltools.gnu-tools-for-stm32.12.3.rel1.win32_1.0.200.202406191623/tools/bin/../lib/gcc/arm-none-eabi/12.3.1/thumb/v7-m/nofp\libgcc.a(_arm_unorddf2.o)
                0x080009fc                __unorddf2
                0x080009fc                __aeabi_dcmpun
 .text          0x08000a28       0xa0 D:/Softwares/STM32CubeIDE/STM32CubeIDE_1.16.1/STM32CubeIDE/plugins/com.st.stm32cube.ide.mcu.externaltools.gnu-tools-for-stm32.12.3.rel1.win32_1.0.200.202406191623/tools/bin/../lib/gcc/arm-none-eabi/12.3.1/thumb/v7-m/nofp\libgcc.a(_arm_truncdfsf2.o)
                0x08000a28                __truncdfsf2
                0x08000a28                __aeabi_d2f
 .text          0x08000ac8      0x21c D:/Softwares/STM32CubeIDE/STM32CubeIDE_1.16.1/STM32CubeIDE/plugins/com.st.stm32cube.ide.mcu.externaltools.gnu-tools-for-stm32.12.3.rel1.win32_1.0.200.202406191623/tools/bin/../lib/gcc/arm-none-eabi/12.3.1/thumb/v7-m/nofp\libgcc.a(_arm_addsubsf3.o)
                0x08000ac8                __aeabi_frsub
                0x08000ad0                __subsf3
                0x08000ad0                __aeabi_fsub
                0x08000ad4                __aeabi_fadd
                0x08000ad4                __addsf3
                0x08000c34                __aeabi_ui2f
                0x08000c34                __floatunsisf
                0x08000c3c                __aeabi_i2f
                0x08000c3c                __floatsisf
                0x08000c58                __aeabi_ul2f
                0x08000c58                __floatundisf
                0x08000c68                __aeabi_l2f
                0x08000c68                __floatdisf
 .text          0x08000ce4      0x2a0 D:/Softwares/STM32CubeIDE/STM32CubeIDE_1.16.1/STM32CubeIDE/plugins/com.st.stm32cube.ide.mcu.externaltools.gnu-tools-for-stm32.12.3.rel1.win32_1.0.200.202406191623/tools/bin/../lib/gcc/arm-none-eabi/12.3.1/thumb/v7-m/nofp\libgcc.a(_arm_muldivsf3.o)
                0x08000ce4                __mulsf3
                0x08000ce4                __aeabi_fmul
                0x08000e4c                __aeabi_fdiv
                0x08000e4c                __divsf3
 .text          0x08000f84       0xec D:/Softwares/STM32CubeIDE/STM32CubeIDE_1.16.1/STM32CubeIDE/plugins/com.st.stm32cube.ide.mcu.externaltools.gnu-tools-for-stm32.12.3.rel1.win32_1.0.200.202406191623/tools/bin/../lib/gcc/arm-none-eabi/12.3.1/thumb/v7-m/nofp\libgcc.a(_arm_cmpsf2.o)
                0x08000f84                __gesf2
                0x08000f84                __gtsf2
                0x08000f8c                __lesf2
                0x08000f8c                __ltsf2
                0x08000f94                __nesf2
                0x08000f94                __eqsf2
                0x08000f94                __cmpsf2
                0x08000ff4                __aeabi_cfrcmple
                0x08000ffc                __aeabi_cfcmpeq
                0x08000ffc                __aeabi_cfcmple
                0x0800100c                __aeabi_fcmpeq
                0x08001020                __aeabi_fcmplt
                0x08001034                __aeabi_fcmple
                0x08001048                __aeabi_fcmpge
                0x0800105c                __aeabi_fcmpgt
 .text          0x08001070       0x4c D:/Softwares/STM32CubeIDE/STM32CubeIDE_1.16.1/STM32CubeIDE/plugins/com.st.stm32cube.ide.mcu.externaltools.gnu-tools-for-stm32.12.3.rel1.win32_1.0.200.202406191623/tools/bin/../lib/gcc/arm-none-eabi/12.3.1/thumb/v7-m/nofp\libgcc.a(_arm_fixsfsi.o)
                0x08001070                __aeabi_f2iz
                0x08001070                __fixsfsi
 *(.text*)
 .text.MX_ADC1_Init
                0x080010bc       0x7c ./Core/Src/adc.o
                0x080010bc                MX_ADC1_Init
 .text.HAL_ADC_MspInit
                0x08001138       0x78 ./Core/Src/adc.o
                0x08001138                HAL_ADC_MspInit
 .text.MX_DMA_Init
                0x080011b0       0x4c ./Core/Src/dma.o
                0x080011b0                MX_DMA_Init
 .text.uint2int_16bit
                0x080011fc       0x2c ./Core/Src/drone_utils.o
                0x080011fc                uint2int_16bit
 .text.int2uint_8bit
                0x08001228       0x16 ./Core/Src/drone_utils.o
                0x08001228                int2uint_8bit
 *fill*         0x0800123e        0x2 
 .text.inertiaData2Angle_balanceFilter
                0x08001240      0x22c ./Core/Src/drone_utils.o
                0x08001240                inertiaData2Angle_balanceFilter
 .text.limitMotorSpeed
                0x0800146c       0x9a ./Core/Src/drone_utils.o
                0x0800146c                limitMotorSpeed
 .text.enablePid
                0x08001506       0x18 ./Core/Src/drone_utils.o
                0x08001506                enablePid
 *fill*         0x0800151e        0x2 
 .text.singlePidController
                0x08001520      0x244 ./Core/Src/drone_utils.o
                0x08001520                singlePidController
 .text.E104BT52_Init
                0x08001764       0x48 ./Core/Src/e104bt52.o
                0x08001764                E104BT52_Init
 .text.E104BT52_TranmdSetup
                0x080017ac       0x34 ./Core/Src/e104bt52.o
                0x080017ac                E104BT52_TranmdSetup
 .text.HAL_UARTEx_RxEventCallback
                0x080017e0       0x64 ./Core/Src/e104bt52.o
                0x080017e0                HAL_UARTEx_RxEventCallback
 .text.E104BT52_ReceiveMotorSpeed
                0x08001844       0x54 ./Core/Src/e104bt52.o
                0x08001844                E104BT52_ReceiveMotorSpeed
 .text.E104BT52_ReceivePID
                0x08001898       0xa0 ./Core/Src/e104bt52.o
                0x08001898                E104BT52_ReceivePID
 .text.E104BT52_TransmitInertiaData
                0x08001938      0x2c0 ./Core/Src/e104bt52.o
                0x08001938                E104BT52_TransmitInertiaData
 .text.MX_GPIO_Init
                0x08001bf8      0x120 ./Core/Src/gpio.o
                0x08001bf8                MX_GPIO_Init
 .text.MX_I2C1_Init
                0x08001d18       0x5c ./Core/Src/i2c.o
                0x08001d18                MX_I2C1_Init
 .text.HAL_I2C_MspInit
                0x08001d74       0x9c ./Core/Src/i2c.o
                0x08001d74                HAL_I2C_MspInit
 .text.LED_SetColor
                0x08001e10       0x58 ./Core/Src/led.o
                0x08001e10                LED_SetColor
 .text.HAL_TIM_PeriodElapsedCallback
                0x08001e68       0x34 ./Core/Src/main.o
                0x08001e68                HAL_TIM_PeriodElapsedCallback
 .text.main     0x08001e9c      0x168 ./Core/Src/main.o
                0x08001e9c                main
 .text.SystemClock_Config
                0x08002004       0xae ./Core/Src/main.o
                0x08002004                SystemClock_Config
 .text.Error_Handler
                0x080020b2        0xc ./Core/Src/main.o
                0x080020b2                Error_Handler
 *fill*         0x080020be        0x2 
 .text.MOTOR_Init
                0x080020c0       0x2c ./Core/Src/motor.o
                0x080020c0                MOTOR_Init
 .text.MOTOR_SetSpeed
                0x080020ec       0x3c ./Core/Src/motor.o
                0x080020ec                MOTOR_SetSpeed
 .text.HAL_I2C_MemRxCpltCallback
                0x08002128       0x1c ./Core/Src/qmi8658.o
                0x08002128                HAL_I2C_MemRxCpltCallback
 .text.QMI8658_ReadRegisters
                0x08002144       0x3c ./Core/Src/qmi8658.o
                0x08002144                QMI8658_ReadRegisters
 .text.QMI8658_WriteRegisters
                0x08002180       0x40 ./Core/Src/qmi8658.o
                0x08002180                QMI8658_WriteRegisters
 .text.QMI8658_Init
                0x080021c0       0x8c ./Core/Src/qmi8658.o
                0x080021c0                QMI8658_Init
 *fill*         0x0800224c        0x4 
 .text.QMI8658_Calibration
                0x08002250      0x108 ./Core/Src/qmi8658.o
                0x08002250                QMI8658_Calibration
 .text.QMI8658_GetInertiaData
                0x08002358      0x1f0 ./Core/Src/qmi8658.o
                0x08002358                QMI8658_GetInertiaData
 .text.QMI8658_GetInertiaData_NoCalibration
                0x08002548      0x190 ./Core/Src/qmi8658.o
                0x08002548                QMI8658_GetInertiaData_NoCalibration
 .text.HAL_MspInit
                0x080026d8       0x64 ./Core/Src/stm32f1xx_hal_msp.o
                0x080026d8                HAL_MspInit
 .text.NMI_Handler
                0x0800273c        0x8 ./Core/Src/stm32f1xx_it.o
                0x0800273c                NMI_Handler
 .text.HardFault_Handler
                0x08002744        0x8 ./Core/Src/stm32f1xx_it.o
                0x08002744                HardFault_Handler
 .text.MemManage_Handler
                0x0800274c        0x8 ./Core/Src/stm32f1xx_it.o
                0x0800274c                MemManage_Handler
 .text.BusFault_Handler
                0x08002754        0x8 ./Core/Src/stm32f1xx_it.o
                0x08002754                BusFault_Handler
 .text.UsageFault_Handler
                0x0800275c        0x8 ./Core/Src/stm32f1xx_it.o
                0x0800275c                UsageFault_Handler
 .text.SVC_Handler
                0x08002764        0xc ./Core/Src/stm32f1xx_it.o
                0x08002764                SVC_Handler
 .text.DebugMon_Handler
                0x08002770        0xc ./Core/Src/stm32f1xx_it.o
                0x08002770                DebugMon_Handler
 .text.PendSV_Handler
                0x0800277c        0xc ./Core/Src/stm32f1xx_it.o
                0x0800277c                PendSV_Handler
 .text.SysTick_Handler
                0x08002788        0xc ./Core/Src/stm32f1xx_it.o
                0x08002788                SysTick_Handler
 .text.DMA1_Channel6_IRQHandler
                0x08002794       0x14 ./Core/Src/stm32f1xx_it.o
                0x08002794                DMA1_Channel6_IRQHandler
 .text.DMA1_Channel7_IRQHandler
                0x080027a8       0x14 ./Core/Src/stm32f1xx_it.o
                0x080027a8                DMA1_Channel7_IRQHandler
 .text.TIM2_IRQHandler
                0x080027bc       0x14 ./Core/Src/stm32f1xx_it.o
                0x080027bc                TIM2_IRQHandler
 .text.I2C1_EV_IRQHandler
                0x080027d0       0x14 ./Core/Src/stm32f1xx_it.o
                0x080027d0                I2C1_EV_IRQHandler
 .text.I2C1_ER_IRQHandler
                0x080027e4       0x14 ./Core/Src/stm32f1xx_it.o
                0x080027e4                I2C1_ER_IRQHandler
 .text.USART2_IRQHandler
                0x080027f8       0x14 ./Core/Src/stm32f1xx_it.o
                0x080027f8                USART2_IRQHandler
 .text.SystemInit
                0x0800280c        0xc ./Core/Src/system_stm32f1xx.o
                0x0800280c                SystemInit
 .text.MX_TIM1_Init
                0x08002818      0x150 ./Core/Src/tim.o
                0x08002818                MX_TIM1_Init
 .text.MX_TIM2_Init
                0x08002968       0x98 ./Core/Src/tim.o
                0x08002968                MX_TIM2_Init
 .text.HAL_TIM_PWM_MspInit
                0x08002a00       0x3c ./Core/Src/tim.o
                0x08002a00                HAL_TIM_PWM_MspInit
 .text.HAL_TIM_Base_MspInit
                0x08002a3c       0x48 ./Core/Src/tim.o
                0x08002a3c                HAL_TIM_Base_MspInit
 .text.HAL_TIM_MspPostInit
                0x08002a84       0x68 ./Core/Src/tim.o
                0x08002a84                HAL_TIM_MspPostInit
 .text.MX_USART2_UART_Init
                0x08002aec       0x54 ./Core/Src/usart.o
                0x08002aec                MX_USART2_UART_Init
 .text.HAL_UART_MspInit
                0x08002b40      0x150 ./Core/Src/usart.o
                0x08002b40                HAL_UART_MspInit
 .text.Reset_Handler
                0x08002c90       0x48 ./Core/Startup/startup_stm32f103tbux.o
                0x08002c90                Reset_Handler
 .text.Default_Handler
                0x08002cd8        0x2 ./Core/Startup/startup_stm32f103tbux.o
                0x08002cd8                RTC_Alarm_IRQHandler
                0x08002cd8                EXTI2_IRQHandler
                0x08002cd8                TIM1_CC_IRQHandler
                0x08002cd8                PVD_IRQHandler
                0x08002cd8                EXTI3_IRQHandler
                0x08002cd8                EXTI0_IRQHandler
                0x08002cd8                I2C2_EV_IRQHandler
                0x08002cd8                ADC1_2_IRQHandler
                0x08002cd8                SPI1_IRQHandler
                0x08002cd8                TAMPER_IRQHandler
                0x08002cd8                DMA1_Channel4_IRQHandler
                0x08002cd8                USART3_IRQHandler
                0x08002cd8                RTC_IRQHandler
                0x08002cd8                CAN1_RX1_IRQHandler
                0x08002cd8                TIM4_IRQHandler
                0x08002cd8                TIM3_IRQHandler
                0x08002cd8                RCC_IRQHandler
                0x08002cd8                TIM1_TRG_COM_IRQHandler
                0x08002cd8                DMA1_Channel1_IRQHandler
                0x08002cd8                Default_Handler
                0x08002cd8                EXTI15_10_IRQHandler
                0x08002cd8                EXTI9_5_IRQHandler
                0x08002cd8                SPI2_IRQHandler
                0x08002cd8                DMA1_Channel5_IRQHandler
                0x08002cd8                EXTI4_IRQHandler
                0x08002cd8                USB_LP_CAN1_RX0_IRQHandler
                0x08002cd8                USB_HP_CAN1_TX_IRQHandler
                0x08002cd8                DMA1_Channel3_IRQHandler
                0x08002cd8                TIM1_UP_IRQHandler
                0x08002cd8                WWDG_IRQHandler
                0x08002cd8                TIM1_BRK_IRQHandler
                0x08002cd8                EXTI1_IRQHandler
                0x08002cd8                I2C2_ER_IRQHandler
                0x08002cd8                DMA1_Channel2_IRQHandler
                0x08002cd8                CAN1_SCE_IRQHandler
                0x08002cd8                FLASH_IRQHandler
                0x08002cd8                USART1_IRQHandler
                0x08002cd8                USBWakeUp_IRQHandler
 *fill*         0x08002cda        0x2 
 .text.HAL_Init
                0x08002cdc       0x2c ./Drivers/STM32F1xx_HAL_Driver/Src/stm32f1xx_hal.o
                0x08002cdc                HAL_Init
 .text.HAL_InitTick
                0x08002d08       0x60 ./Drivers/STM32F1xx_HAL_Driver/Src/stm32f1xx_hal.o
                0x08002d08                HAL_InitTick
 .text.HAL_IncTick
                0x08002d68       0x24 ./Drivers/STM32F1xx_HAL_Driver/Src/stm32f1xx_hal.o
                0x08002d68                HAL_IncTick
 .text.HAL_GetTick
                0x08002d8c       0x14 ./Drivers/STM32F1xx_HAL_Driver/Src/stm32f1xx_hal.o
                0x08002d8c                HAL_GetTick
 .text.HAL_Delay
                0x08002da0       0x48 ./Drivers/STM32F1xx_HAL_Driver/Src/stm32f1xx_hal.o
                0x08002da0                HAL_Delay
 .text.HAL_ADC_Init
                0x08002de8      0x1b0 ./Drivers/STM32F1xx_HAL_Driver/Src/stm32f1xx_hal_adc.o
                0x08002de8                HAL_ADC_Init
 .text.HAL_ADC_ConfigChannel
                0x08002f98      0x1f0 ./Drivers/STM32F1xx_HAL_Driver/Src/stm32f1xx_hal_adc.o
                0x08002f98                HAL_ADC_ConfigChannel
 .text.ADC_ConversionStop_Disable
                0x08003188       0x82 ./Drivers/STM32F1xx_HAL_Driver/Src/stm32f1xx_hal_adc.o
                0x08003188                ADC_ConversionStop_Disable
 *fill*         0x0800320a        0x2 
 .text.__NVIC_SetPriorityGrouping
                0x0800320c       0x48 ./Drivers/STM32F1xx_HAL_Driver/Src/stm32f1xx_hal_cortex.o
 .text.__NVIC_GetPriorityGrouping
                0x08003254       0x1c ./Drivers/STM32F1xx_HAL_Driver/Src/stm32f1xx_hal_cortex.o
 .text.__NVIC_EnableIRQ
                0x08003270       0x38 ./Drivers/STM32F1xx_HAL_Driver/Src/stm32f1xx_hal_cortex.o
 .text.__NVIC_SetPriority
                0x080032a8       0x54 ./Drivers/STM32F1xx_HAL_Driver/Src/stm32f1xx_hal_cortex.o
 .text.NVIC_EncodePriority
                0x080032fc       0x64 ./Drivers/STM32F1xx_HAL_Driver/Src/stm32f1xx_hal_cortex.o
 .text.SysTick_Config
                0x08003360       0x44 ./Drivers/STM32F1xx_HAL_Driver/Src/stm32f1xx_hal_cortex.o
 .text.HAL_NVIC_SetPriorityGrouping
                0x080033a4       0x16 ./Drivers/STM32F1xx_HAL_Driver/Src/stm32f1xx_hal_cortex.o
                0x080033a4                HAL_NVIC_SetPriorityGrouping
 .text.HAL_NVIC_SetPriority
                0x080033ba       0x38 ./Drivers/STM32F1xx_HAL_Driver/Src/stm32f1xx_hal_cortex.o
                0x080033ba                HAL_NVIC_SetPriority
 .text.HAL_NVIC_EnableIRQ
                0x080033f2       0x1c ./Drivers/STM32F1xx_HAL_Driver/Src/stm32f1xx_hal_cortex.o
                0x080033f2                HAL_NVIC_EnableIRQ
 .text.HAL_SYSTICK_Config
                0x0800340e       0x18 ./Drivers/STM32F1xx_HAL_Driver/Src/stm32f1xx_hal_cortex.o
                0x0800340e                HAL_SYSTICK_Config
 *fill*         0x08003426        0x2 
 .text.HAL_DMA_Init
                0x08003428       0xb4 ./Drivers/STM32F1xx_HAL_Driver/Src/stm32f1xx_hal_dma.o
                0x08003428                HAL_DMA_Init
 .text.HAL_DMA_Start_IT
                0x080034dc       0xc0 ./Drivers/STM32F1xx_HAL_Driver/Src/stm32f1xx_hal_dma.o
                0x080034dc                HAL_DMA_Start_IT
 .text.HAL_DMA_Abort
                0x0800359c       0x76 ./Drivers/STM32F1xx_HAL_Driver/Src/stm32f1xx_hal_dma.o
                0x0800359c                HAL_DMA_Abort
 *fill*         0x08003612        0x2 
 .text.HAL_DMA_Abort_IT
                0x08003614       0xf0 ./Drivers/STM32F1xx_HAL_Driver/Src/stm32f1xx_hal_dma.o
                0x08003614                HAL_DMA_Abort_IT
 .text.HAL_DMA_IRQHandler
                0x08003704      0x20c ./Drivers/STM32F1xx_HAL_Driver/Src/stm32f1xx_hal_dma.o
                0x08003704                HAL_DMA_IRQHandler
 .text.HAL_DMA_GetState
                0x08003910       0x1a ./Drivers/STM32F1xx_HAL_Driver/Src/stm32f1xx_hal_dma.o
                0x08003910                HAL_DMA_GetState
 .text.DMA_SetConfig
                0x0800392a       0x5a ./Drivers/STM32F1xx_HAL_Driver/Src/stm32f1xx_hal_dma.o
 .text.HAL_GPIO_Init
                0x08003984      0x308 ./Drivers/STM32F1xx_HAL_Driver/Src/stm32f1xx_hal_gpio.o
                0x08003984                HAL_GPIO_Init
 .text.HAL_GPIO_ReadPin
                0x08003c8c       0x2e ./Drivers/STM32F1xx_HAL_Driver/Src/stm32f1xx_hal_gpio.o
                0x08003c8c                HAL_GPIO_ReadPin
 .text.HAL_GPIO_WritePin
                0x08003cba       0x30 ./Drivers/STM32F1xx_HAL_Driver/Src/stm32f1xx_hal_gpio.o
                0x08003cba                HAL_GPIO_WritePin
 *fill*         0x08003cea        0x2 
 .text.HAL_I2C_Init
                0x08003cec      0x288 ./Drivers/STM32F1xx_HAL_Driver/Src/stm32f1xx_hal_i2c.o
                0x08003cec                HAL_I2C_Init
 .text.I2C_Flush_DR
                0x08003f74       0x28 ./Drivers/STM32F1xx_HAL_Driver/Src/stm32f1xx_hal_i2c.o
 .text.HAL_I2C_Mem_Write
                0x08003f9c      0x1f4 ./Drivers/STM32F1xx_HAL_Driver/Src/stm32f1xx_hal_i2c.o
                0x08003f9c                HAL_I2C_Mem_Write
 .text.HAL_I2C_Mem_Read
                0x08004190      0x4e8 ./Drivers/STM32F1xx_HAL_Driver/Src/stm32f1xx_hal_i2c.o
                0x08004190                HAL_I2C_Mem_Read
 .text.HAL_I2C_EV_IRQHandler
                0x08004678      0x2a6 ./Drivers/STM32F1xx_HAL_Driver/Src/stm32f1xx_hal_i2c.o
                0x08004678                HAL_I2C_EV_IRQHandler
 .text.HAL_I2C_ER_IRQHandler
                0x0800491e      0x14e ./Drivers/STM32F1xx_HAL_Driver/Src/stm32f1xx_hal_i2c.o
                0x0800491e                HAL_I2C_ER_IRQHandler
 .text.HAL_I2C_MasterTxCpltCallback
                0x08004a6c       0x12 ./Drivers/STM32F1xx_HAL_Driver/Src/stm32f1xx_hal_i2c.o
                0x08004a6c                HAL_I2C_MasterTxCpltCallback
 .text.HAL_I2C_MasterRxCpltCallback
                0x08004a7e       0x12 ./Drivers/STM32F1xx_HAL_Driver/Src/stm32f1xx_hal_i2c.o
                0x08004a7e                HAL_I2C_MasterRxCpltCallback
 .text.HAL_I2C_SlaveTxCpltCallback
                0x08004a90       0x12 ./Drivers/STM32F1xx_HAL_Driver/Src/stm32f1xx_hal_i2c.o
                0x08004a90                HAL_I2C_SlaveTxCpltCallback
 .text.HAL_I2C_SlaveRxCpltCallback
                0x08004aa2       0x12 ./Drivers/STM32F1xx_HAL_Driver/Src/stm32f1xx_hal_i2c.o
                0x08004aa2                HAL_I2C_SlaveRxCpltCallback
 .text.HAL_I2C_AddrCallback
                0x08004ab4       0x1a ./Drivers/STM32F1xx_HAL_Driver/Src/stm32f1xx_hal_i2c.o
                0x08004ab4                HAL_I2C_AddrCallback
 .text.HAL_I2C_ListenCpltCallback
                0x08004ace       0x12 ./Drivers/STM32F1xx_HAL_Driver/Src/stm32f1xx_hal_i2c.o
                0x08004ace                HAL_I2C_ListenCpltCallback
 .text.HAL_I2C_MemTxCpltCallback
                0x08004ae0       0x12 ./Drivers/STM32F1xx_HAL_Driver/Src/stm32f1xx_hal_i2c.o
                0x08004ae0                HAL_I2C_MemTxCpltCallback
 .text.HAL_I2C_ErrorCallback
                0x08004af2       0x12 ./Drivers/STM32F1xx_HAL_Driver/Src/stm32f1xx_hal_i2c.o
                0x08004af2                HAL_I2C_ErrorCallback
 .text.HAL_I2C_AbortCpltCallback
                0x08004b04       0x12 ./Drivers/STM32F1xx_HAL_Driver/Src/stm32f1xx_hal_i2c.o
                0x08004b04                HAL_I2C_AbortCpltCallback
 .text.I2C_MasterTransmit_TXE
                0x08004b16      0x138 ./Drivers/STM32F1xx_HAL_Driver/Src/stm32f1xx_hal_i2c.o
 .text.I2C_MasterTransmit_BTF
                0x08004c4e       0xec ./Drivers/STM32F1xx_HAL_Driver/Src/stm32f1xx_hal_i2c.o
 .text.I2C_MemoryTransmit_TXE_BTF
                0x08004d3a      0x130 ./Drivers/STM32F1xx_HAL_Driver/Src/stm32f1xx_hal_i2c.o
 .text.I2C_MasterReceive_RXNE
                0x08004e6a      0x190 ./Drivers/STM32F1xx_HAL_Driver/Src/stm32f1xx_hal_i2c.o
 .text.I2C_MasterReceive_BTF
                0x08004ffa      0x1e2 ./Drivers/STM32F1xx_HAL_Driver/Src/stm32f1xx_hal_i2c.o
 .text.I2C_Master_SB
                0x080051dc      0x10a ./Drivers/STM32F1xx_HAL_Driver/Src/stm32f1xx_hal_i2c.o
 .text.I2C_Master_ADD10
                0x080052e6       0x52 ./Drivers/STM32F1xx_HAL_Driver/Src/stm32f1xx_hal_i2c.o
 .text.I2C_Master_ADDR
                0x08005338      0x336 ./Drivers/STM32F1xx_HAL_Driver/Src/stm32f1xx_hal_i2c.o
 .text.I2C_SlaveTransmit_TXE
                0x0800566e       0x7a ./Drivers/STM32F1xx_HAL_Driver/Src/stm32f1xx_hal_i2c.o
 .text.I2C_SlaveTransmit_BTF
                0x080056e8       0x40 ./Drivers/STM32F1xx_HAL_Driver/Src/stm32f1xx_hal_i2c.o
 .text.I2C_SlaveReceive_RXNE
                0x08005728       0x7c ./Drivers/STM32F1xx_HAL_Driver/Src/stm32f1xx_hal_i2c.o
 .text.I2C_SlaveReceive_BTF
                0x080057a4       0x42 ./Drivers/STM32F1xx_HAL_Driver/Src/stm32f1xx_hal_i2c.o
 .text.I2C_Slave_ADDR
                0x080057e6       0x90 ./Drivers/STM32F1xx_HAL_Driver/Src/stm32f1xx_hal_i2c.o
 *fill*         0x08005876        0x2 
 .text.I2C_Slave_STOPF
                0x08005878      0x260 ./Drivers/STM32F1xx_HAL_Driver/Src/stm32f1xx_hal_i2c.o
 .text.I2C_Slave_AF
                0x08005ad8       0xe8 ./Drivers/STM32F1xx_HAL_Driver/Src/stm32f1xx_hal_i2c.o
 .text.I2C_ITError
                0x08005bc0      0x264 ./Drivers/STM32F1xx_HAL_Driver/Src/stm32f1xx_hal_i2c.o
 .text.I2C_RequestMemoryWrite
                0x08005e24      0x12c ./Drivers/STM32F1xx_HAL_Driver/Src/stm32f1xx_hal_i2c.o
 .text.I2C_RequestMemoryRead
                0x08005f50      0x1d0 ./Drivers/STM32F1xx_HAL_Driver/Src/stm32f1xx_hal_i2c.o
 .text.I2C_DMAAbort
                0x08006120      0x150 ./Drivers/STM32F1xx_HAL_Driver/Src/stm32f1xx_hal_i2c.o
 .text.I2C_WaitOnFlagUntilTimeout
                0x08006270       0xf4 ./Drivers/STM32F1xx_HAL_Driver/Src/stm32f1xx_hal_i2c.o
 .text.I2C_WaitOnMasterAddressFlagUntilTimeout
                0x08006364      0x140 ./Drivers/STM32F1xx_HAL_Driver/Src/stm32f1xx_hal_i2c.o
 .text.I2C_WaitOnTXEFlagUntilTimeout
                0x080064a4       0x90 ./Drivers/STM32F1xx_HAL_Driver/Src/stm32f1xx_hal_i2c.o
 .text.I2C_WaitOnBTFFlagUntilTimeout
                0x08006534       0x90 ./Drivers/STM32F1xx_HAL_Driver/Src/stm32f1xx_hal_i2c.o
 .text.I2C_WaitOnSTOPRequestThroughIT
                0x080065c4       0x64 ./Drivers/STM32F1xx_HAL_Driver/Src/stm32f1xx_hal_i2c.o
 .text.I2C_WaitOnRXNEFlagUntilTimeout
                0x08006628       0xba ./Drivers/STM32F1xx_HAL_Driver/Src/stm32f1xx_hal_i2c.o
 .text.I2C_IsAcknowledgeFailed
                0x080066e2       0x5c ./Drivers/STM32F1xx_HAL_Driver/Src/stm32f1xx_hal_i2c.o
 .text.I2C_ConvertOtherXferOptions
                0x0800673e       0x34 ./Drivers/STM32F1xx_HAL_Driver/Src/stm32f1xx_hal_i2c.o
 *fill*         0x08006772        0x2 
 .text.HAL_RCC_OscConfig
                0x08006774      0x504 ./Drivers/STM32F1xx_HAL_Driver/Src/stm32f1xx_hal_rcc.o
                0x08006774                HAL_RCC_OscConfig
 .text.HAL_RCC_ClockConfig
                0x08006c78      0x1d4 ./Drivers/STM32F1xx_HAL_Driver/Src/stm32f1xx_hal_rcc.o
                0x08006c78                HAL_RCC_ClockConfig
 .text.HAL_RCC_GetSysClockFreq
                0x08006e4c       0xa8 ./Drivers/STM32F1xx_HAL_Driver/Src/stm32f1xx_hal_rcc.o
                0x08006e4c                HAL_RCC_GetSysClockFreq
 .text.HAL_RCC_GetHCLKFreq
                0x08006ef4       0x14 ./Drivers/STM32F1xx_HAL_Driver/Src/stm32f1xx_hal_rcc.o
                0x08006ef4                HAL_RCC_GetHCLKFreq
 .text.HAL_RCC_GetPCLK1Freq
                0x08006f08       0x28 ./Drivers/STM32F1xx_HAL_Driver/Src/stm32f1xx_hal_rcc.o
                0x08006f08                HAL_RCC_GetPCLK1Freq
 .text.HAL_RCC_GetPCLK2Freq
                0x08006f30       0x28 ./Drivers/STM32F1xx_HAL_Driver/Src/stm32f1xx_hal_rcc.o
                0x08006f30                HAL_RCC_GetPCLK2Freq
 .text.RCC_Delay
                0x08006f58       0x3c ./Drivers/STM32F1xx_HAL_Driver/Src/stm32f1xx_hal_rcc.o
 .text.HAL_RCCEx_PeriphCLKConfig
                0x08006f94      0x16c ./Drivers/STM32F1xx_HAL_Driver/Src/stm32f1xx_hal_rcc_ex.o
                0x08006f94                HAL_RCCEx_PeriphCLKConfig
 .text.HAL_TIM_Base_Init
                0x08007100       0x9e ./Drivers/STM32F1xx_HAL_Driver/Src/stm32f1xx_hal_tim.o
                0x08007100                HAL_TIM_Base_Init
 *fill*         0x0800719e        0x2 
 .text.HAL_TIM_Base_Start_IT
                0x080071a0       0xa4 ./Drivers/STM32F1xx_HAL_Driver/Src/stm32f1xx_hal_tim.o
                0x080071a0                HAL_TIM_Base_Start_IT
 .text.HAL_TIM_PWM_Init
                0x08007244       0x9e ./Drivers/STM32F1xx_HAL_Driver/Src/stm32f1xx_hal_tim.o
                0x08007244                HAL_TIM_PWM_Init
 *fill*         0x080072e2        0x2 
 .text.HAL_TIM_PWM_Start_IT
                0x080072e4      0x1e0 ./Drivers/STM32F1xx_HAL_Driver/Src/stm32f1xx_hal_tim.o
                0x080072e4                HAL_TIM_PWM_Start_IT
 .text.HAL_TIM_IRQHandler
                0x080074c4      0x1e0 ./Drivers/STM32F1xx_HAL_Driver/Src/stm32f1xx_hal_tim.o
                0x080074c4                HAL_TIM_IRQHandler
 .text.HAL_TIM_PWM_ConfigChannel
                0x080076a4      0x184 ./Drivers/STM32F1xx_HAL_Driver/Src/stm32f1xx_hal_tim.o
                0x080076a4                HAL_TIM_PWM_ConfigChannel
 .text.HAL_TIM_ConfigClockSource
                0x08007828      0x18e ./Drivers/STM32F1xx_HAL_Driver/Src/stm32f1xx_hal_tim.o
                0x08007828                HAL_TIM_ConfigClockSource
 .text.HAL_TIM_OC_DelayElapsedCallback
                0x080079b6       0x12 ./Drivers/STM32F1xx_HAL_Driver/Src/stm32f1xx_hal_tim.o
                0x080079b6                HAL_TIM_OC_DelayElapsedCallback
 .text.HAL_TIM_IC_CaptureCallback
                0x080079c8       0x12 ./Drivers/STM32F1xx_HAL_Driver/Src/stm32f1xx_hal_tim.o
                0x080079c8                HAL_TIM_IC_CaptureCallback
 .text.HAL_TIM_PWM_PulseFinishedCallback
                0x080079da       0x12 ./Drivers/STM32F1xx_HAL_Driver/Src/stm32f1xx_hal_tim.o
                0x080079da                HAL_TIM_PWM_PulseFinishedCallback
 .text.HAL_TIM_TriggerCallback
                0x080079ec       0x12 ./Drivers/STM32F1xx_HAL_Driver/Src/stm32f1xx_hal_tim.o
                0x080079ec                HAL_TIM_TriggerCallback
 *fill*         0x080079fe        0x2 
 .text.TIM_Base_SetConfig
                0x08007a00       0xdc ./Drivers/STM32F1xx_HAL_Driver/Src/stm32f1xx_hal_tim.o
                0x08007a00                TIM_Base_SetConfig
 .text.TIM_OC1_SetConfig
                0x08007adc       0xcc ./Drivers/STM32F1xx_HAL_Driver/Src/stm32f1xx_hal_tim.o
 .text.TIM_OC2_SetConfig
                0x08007ba8       0xd4 ./Drivers/STM32F1xx_HAL_Driver/Src/stm32f1xx_hal_tim.o
                0x08007ba8                TIM_OC2_SetConfig
 .text.TIM_OC3_SetConfig
                0x08007c7c       0xd4 ./Drivers/STM32F1xx_HAL_Driver/Src/stm32f1xx_hal_tim.o
 .text.TIM_OC4_SetConfig
                0x08007d50       0x9c ./Drivers/STM32F1xx_HAL_Driver/Src/stm32f1xx_hal_tim.o
 .text.TIM_TI1_ConfigInputStage
                0x08007dec       0x5c ./Drivers/STM32F1xx_HAL_Driver/Src/stm32f1xx_hal_tim.o
 .text.TIM_TI2_ConfigInputStage
                0x08007e48       0x5e ./Drivers/STM32F1xx_HAL_Driver/Src/stm32f1xx_hal_tim.o
 .text.TIM_ITRx_SetConfig
                0x08007ea6       0x34 ./Drivers/STM32F1xx_HAL_Driver/Src/stm32f1xx_hal_tim.o
 .text.TIM_ETR_SetConfig
                0x08007eda       0x3e ./Drivers/STM32F1xx_HAL_Driver/Src/stm32f1xx_hal_tim.o
                0x08007eda                TIM_ETR_SetConfig
 .text.TIM_CCxChannelCmd
                0x08007f18       0x48 ./Drivers/STM32F1xx_HAL_Driver/Src/stm32f1xx_hal_tim.o
                0x08007f18                TIM_CCxChannelCmd
 .text.HAL_TIMEx_MasterConfigSynchronization
                0x08007f60       0xbc ./Drivers/STM32F1xx_HAL_Driver/Src/stm32f1xx_hal_tim_ex.o
                0x08007f60                HAL_TIMEx_MasterConfigSynchronization
 .text.HAL_TIMEx_ConfigBreakDeadTime
                0x0800801c       0xa2 ./Drivers/STM32F1xx_HAL_Driver/Src/stm32f1xx_hal_tim_ex.o
                0x0800801c                HAL_TIMEx_ConfigBreakDeadTime
 .text.HAL_TIMEx_CommutCallback
                0x080080be       0x12 ./Drivers/STM32F1xx_HAL_Driver/Src/stm32f1xx_hal_tim_ex.o
                0x080080be                HAL_TIMEx_CommutCallback
 .text.HAL_TIMEx_BreakCallback
                0x080080d0       0x12 ./Drivers/STM32F1xx_HAL_Driver/Src/stm32f1xx_hal_tim_ex.o
                0x080080d0                HAL_TIMEx_BreakCallback
 .text.HAL_UART_Init
                0x080080e2       0xa0 ./Drivers/STM32F1xx_HAL_Driver/Src/stm32f1xx_hal_uart.o
                0x080080e2                HAL_UART_Init
 .text.HAL_UART_Transmit
                0x08008182      0x116 ./Drivers/STM32F1xx_HAL_Driver/Src/stm32f1xx_hal_uart.o
                0x08008182                HAL_UART_Transmit
 .text.HAL_UARTEx_ReceiveToIdle_DMA
                0x08008298       0xb2 ./Drivers/STM32F1xx_HAL_Driver/Src/stm32f1xx_hal_uart.o
                0x08008298                HAL_UARTEx_ReceiveToIdle_DMA
 *fill*         0x0800834a        0x2 
 .text.HAL_UART_IRQHandler
                0x0800834c      0x524 ./Drivers/STM32F1xx_HAL_Driver/Src/stm32f1xx_hal_uart.o
                0x0800834c                HAL_UART_IRQHandler
 .text.HAL_UART_TxCpltCallback
                0x08008870       0x12 ./Drivers/STM32F1xx_HAL_Driver/Src/stm32f1xx_hal_uart.o
                0x08008870                HAL_UART_TxCpltCallback
 .text.HAL_UART_RxCpltCallback
                0x08008882       0x12 ./Drivers/STM32F1xx_HAL_Driver/Src/stm32f1xx_hal_uart.o
                0x08008882                HAL_UART_RxCpltCallback
 .text.HAL_UART_RxHalfCpltCallback
                0x08008894       0x12 ./Drivers/STM32F1xx_HAL_Driver/Src/stm32f1xx_hal_uart.o
                0x08008894                HAL_UART_RxHalfCpltCallback
 .text.HAL_UART_ErrorCallback
                0x080088a6       0x12 ./Drivers/STM32F1xx_HAL_Driver/Src/stm32f1xx_hal_uart.o
                0x080088a6                HAL_UART_ErrorCallback
 .text.UART_DMAReceiveCplt
                0x080088b8      0x12c ./Drivers/STM32F1xx_HAL_Driver/Src/stm32f1xx_hal_uart.o
 .text.UART_DMARxHalfCplt
                0x080089e4       0x3c ./Drivers/STM32F1xx_HAL_Driver/Src/stm32f1xx_hal_uart.o
 .text.UART_DMAError
                0x08008a20       0x94 ./Drivers/STM32F1xx_HAL_Driver/Src/stm32f1xx_hal_uart.o
 .text.UART_WaitOnFlagUntilTimeout
                0x08008ab4       0xb2 ./Drivers/STM32F1xx_HAL_Driver/Src/stm32f1xx_hal_uart.o
 *fill*         0x08008b66        0x2 
 .text.UART_Start_Receive_DMA
                0x08008b68      0x134 ./Drivers/STM32F1xx_HAL_Driver/Src/stm32f1xx_hal_uart.o
                0x08008b68                UART_Start_Receive_DMA
 .text.UART_EndTxTransfer
                0x08008c9c       0x4e ./Drivers/STM32F1xx_HAL_Driver/Src/stm32f1xx_hal_uart.o
 .text.UART_EndRxTransfer
                0x08008cea       0xc4 ./Drivers/STM32F1xx_HAL_Driver/Src/stm32f1xx_hal_uart.o
 .text.UART_DMAAbortOnError
                0x08008dae       0x28 ./Drivers/STM32F1xx_HAL_Driver/Src/stm32f1xx_hal_uart.o
 .text.UART_Transmit_IT
                0x08008dd6       0x9e ./Drivers/STM32F1xx_HAL_Driver/Src/stm32f1xx_hal_uart.o
 .text.UART_EndTransmit_IT
                0x08008e74       0x30 ./Drivers/STM32F1xx_HAL_Driver/Src/stm32f1xx_hal_uart.o
 .text.UART_Receive_IT
                0x08008ea4      0x17c ./Drivers/STM32F1xx_HAL_Driver/Src/stm32f1xx_hal_uart.o
 .text.UART_SetConfig
                0x08009020      0x11c ./Drivers/STM32F1xx_HAL_Driver/Src/stm32f1xx_hal_uart.o
 .text.memset   0x0800913c       0x10 D:/Softwares/STM32CubeIDE/STM32CubeIDE_1.16.1/STM32CubeIDE/plugins/com.st.stm32cube.ide.mcu.externaltools.gnu-tools-for-stm32.12.3.rel1.win32_1.0.200.202406191623/tools/bin/../lib/gcc/arm-none-eabi/12.3.1/../../../../arm-none-eabi/lib/thumb/v7-m/nofp\libc_nano.a(libc_a-memset.o)
                0x0800913c                memset
 .text.__errno  0x0800914c        0xc D:/Softwares/STM32CubeIDE/STM32CubeIDE_1.16.1/STM32CubeIDE/plugins/com.st.stm32cube.ide.mcu.externaltools.gnu-tools-for-stm32.12.3.rel1.win32_1.0.200.202406191623/tools/bin/../lib/gcc/arm-none-eabi/12.3.1/../../../../arm-none-eabi/lib/thumb/v7-m/nofp\libc_nano.a(libc_a-errno.o)
                0x0800914c                __errno
 .text.__libc_init_array
                0x08009158       0x48 D:/Softwares/STM32CubeIDE/STM32CubeIDE_1.16.1/STM32CubeIDE/plugins/com.st.stm32cube.ide.mcu.externaltools.gnu-tools-for-stm32.12.3.rel1.win32_1.0.200.202406191623/tools/bin/../lib/gcc/arm-none-eabi/12.3.1/../../../../arm-none-eabi/lib/thumb/v7-m/nofp\libc_nano.a(libc_a-init.o)
                0x08009158                __libc_init_array
 .text.pow      0x080091a0       0xd0 D:/Softwares/STM32CubeIDE/STM32CubeIDE_1.16.1/STM32CubeIDE/plugins/com.st.stm32cube.ide.mcu.externaltools.gnu-tools-for-stm32.12.3.rel1.win32_1.0.200.202406191623/tools/bin/../lib/gcc/arm-none-eabi/12.3.1/../../../../arm-none-eabi/lib/thumb/v7-m/nofp\libm.a(libm_a-w_pow.o)
                0x080091a0                pow
 .text.sqrt     0x08009270       0x48 D:/Softwares/STM32CubeIDE/STM32CubeIDE_1.16.1/STM32CubeIDE/plugins/com.st.stm32cube.ide.mcu.externaltools.gnu-tools-for-stm32.12.3.rel1.win32_1.0.200.202406191623/tools/bin/../lib/gcc/arm-none-eabi/12.3.1/../../../../arm-none-eabi/lib/thumb/v7-m/nofp\libm.a(libm_a-w_sqrt.o)
                0x08009270                sqrt
 .text.fabs     0x080092b8        0x8 D:/Softwares/STM32CubeIDE/STM32CubeIDE_1.16.1/STM32CubeIDE/plugins/com.st.stm32cube.ide.mcu.externaltools.gnu-tools-for-stm32.12.3.rel1.win32_1.0.200.202406191623/tools/bin/../lib/gcc/arm-none-eabi/12.3.1/../../../../arm-none-eabi/lib/thumb/v7-m/nofp\libm.a(libm_a-s_fabs.o)
                0x080092b8                fabs
 .text.atanf    0x080092c0      0x218 D:/Softwares/STM32CubeIDE/STM32CubeIDE_1.16.1/STM32CubeIDE/plugins/com.st.stm32cube.ide.mcu.externaltools.gnu-tools-for-stm32.12.3.rel1.win32_1.0.200.202406191623/tools/bin/../lib/gcc/arm-none-eabi/12.3.1/../../../../arm-none-eabi/lib/thumb/v7-m/nofp\libm.a(libm_a-sf_atan.o)
                0x080092c0                atanf
 .text.fabsf    0x080094d8        0x6 D:/Softwares/STM32CubeIDE/STM32CubeIDE_1.16.1/STM32CubeIDE/plugins/com.st.stm32cube.ide.mcu.externaltools.gnu-tools-for-stm32.12.3.rel1.win32_1.0.200.202406191623/tools/bin/../lib/gcc/arm-none-eabi/12.3.1/../../../../arm-none-eabi/lib/thumb/v7-m/nofp\libm.a(libm_a-sf_fabs.o)
                0x080094d8                fabsf
 .text.finite   0x080094de        0xc D:/Softwares/STM32CubeIDE/STM32CubeIDE_1.16.1/STM32CubeIDE/plugins/com.st.stm32cube.ide.mcu.externaltools.gnu-tools-for-stm32.12.3.rel1.win32_1.0.200.202406191623/tools/bin/../lib/gcc/arm-none-eabi/12.3.1/../../../../arm-none-eabi/lib/thumb/v7-m/nofp\libm.a(libm_a-s_finite.o)
                0x080094de                finite
 *fill*         0x080094ea        0x2 
 .text.__ieee754_sqrt
                0x080094ec      0x1ac D:/Softwares/STM32CubeIDE/STM32CubeIDE_1.16.1/STM32CubeIDE/plugins/com.st.stm32cube.ide.mcu.externaltools.gnu-tools-for-stm32.12.3.rel1.win32_1.0.200.202406191623/tools/bin/../lib/gcc/arm-none-eabi/12.3.1/../../../../arm-none-eabi/lib/thumb/v7-m/nofp\libm.a(libm_a-e_sqrt.o)
                0x080094ec                __ieee754_sqrt
 .text.__ieee754_pow
                0x08009698      0xa50 D:/Softwares/STM32CubeIDE/STM32CubeIDE_1.16.1/STM32CubeIDE/plugins/com.st.stm32cube.ide.mcu.externaltools.gnu-tools-for-stm32.12.3.rel1.win32_1.0.200.202406191623/tools/bin/../lib/gcc/arm-none-eabi/12.3.1/../../../../arm-none-eabi/lib/thumb/v7-m/nofp\libm.a(libm_a-e_pow.o)
                0x08009698                __ieee754_pow
 .text.scalbn   0x0800a0e8       0xec D:/Softwares/STM32CubeIDE/STM32CubeIDE_1.16.1/STM32CubeIDE/plugins/com.st.stm32cube.ide.mcu.externaltools.gnu-tools-for-stm32.12.3.rel1.win32_1.0.200.202406191623/tools/bin/../lib/gcc/arm-none-eabi/12.3.1/../../../../arm-none-eabi/lib/thumb/v7-m/nofp\libm.a(libm_a-s_scalbn.o)
                0x0800a0e8                scalbn
 .text.with_errno
                0x0800a1d4       0x14 D:/Softwares/STM32CubeIDE/STM32CubeIDE_1.16.1/STM32CubeIDE/plugins/com.st.stm32cube.ide.mcu.externaltools.gnu-tools-for-stm32.12.3.rel1.win32_1.0.200.202406191623/tools/bin/../lib/gcc/arm-none-eabi/12.3.1/../../../../arm-none-eabi/lib/thumb/v7-m/nofp\libm.a(libm_a-math_err.o)
 .text.xflow    0x0800a1e8       0x26 D:/Softwares/STM32CubeIDE/STM32CubeIDE_1.16.1/STM32CubeIDE/plugins/com.st.stm32cube.ide.mcu.externaltools.gnu-tools-for-stm32.12.3.rel1.win32_1.0.200.202406191623/tools/bin/../lib/gcc/arm-none-eabi/12.3.1/../../../../arm-none-eabi/lib/thumb/v7-m/nofp\libm.a(libm_a-math_err.o)
 .text.__math_uflow
                0x0800a20e        0xa D:/Softwares/STM32CubeIDE/STM32CubeIDE_1.16.1/STM32CubeIDE/plugins/com.st.stm32cube.ide.mcu.externaltools.gnu-tools-for-stm32.12.3.rel1.win32_1.0.200.202406191623/tools/bin/../lib/gcc/arm-none-eabi/12.3.1/../../../../arm-none-eabi/lib/thumb/v7-m/nofp\libm.a(libm_a-math_err.o)
                0x0800a20e                __math_uflow
 .text.__math_oflow
                0x0800a218        0xa D:/Softwares/STM32CubeIDE/STM32CubeIDE_1.16.1/STM32CubeIDE/plugins/com.st.stm32cube.ide.mcu.externaltools.gnu-tools-for-stm32.12.3.rel1.win32_1.0.200.202406191623/tools/bin/../lib/gcc/arm-none-eabi/12.3.1/../../../../arm-none-eabi/lib/thumb/v7-m/nofp\libm.a(libm_a-math_err.o)
                0x0800a218                __math_oflow
 *(.glue_7)
 .glue_7        0x0800a222        0x0 linker stubs
 *(.glue_7t)
 .glue_7t       0x0800a222        0x0 linker stubs
 *(.eh_frame)
 *fill*         0x0800a222        0x2 
 .eh_frame      0x0800a224        0x0 D:/Softwares/STM32CubeIDE/STM32CubeIDE_1.16.1/STM32CubeIDE/plugins/com.st.stm32cube.ide.mcu.externaltools.gnu-tools-for-stm32.12.3.rel1.win32_1.0.200.202406191623/tools/bin/../lib/gcc/arm-none-eabi/12.3.1/thumb/v7-m/nofp/crtbegin.o
 *(.init)
 .init          0x0800a224        0x4 D:/Softwares/STM32CubeIDE/STM32CubeIDE_1.16.1/STM32CubeIDE/plugins/com.st.stm32cube.ide.mcu.externaltools.gnu-tools-for-stm32.12.3.rel1.win32_1.0.200.202406191623/tools/bin/../lib/gcc/arm-none-eabi/12.3.1/thumb/v7-m/nofp/crti.o
                0x0800a224                _init
 .init          0x0800a228        0x8 D:/Softwares/STM32CubeIDE/STM32CubeIDE_1.16.1/STM32CubeIDE/plugins/com.st.stm32cube.ide.mcu.externaltools.gnu-tools-for-stm32.12.3.rel1.win32_1.0.200.202406191623/tools/bin/../lib/gcc/arm-none-eabi/12.3.1/thumb/v7-m/nofp/crtn.o
 *(.fini)
 .fini          0x0800a230        0x4 D:/Softwares/STM32CubeIDE/STM32CubeIDE_1.16.1/STM32CubeIDE/plugins/com.st.stm32cube.ide.mcu.externaltools.gnu-tools-for-stm32.12.3.rel1.win32_1.0.200.202406191623/tools/bin/../lib/gcc/arm-none-eabi/12.3.1/thumb/v7-m/nofp/crti.o
                0x0800a230                _fini
 .fini          0x0800a234        0x8 D:/Softwares/STM32CubeIDE/STM32CubeIDE_1.16.1/STM32CubeIDE/plugins/com.st.stm32cube.ide.mcu.externaltools.gnu-tools-for-stm32.12.3.rel1.win32_1.0.200.202406191623/tools/bin/../lib/gcc/arm-none-eabi/12.3.1/thumb/v7-m/nofp/crtn.o
                0x0800a23c                        . = ALIGN (0x4)
                0x0800a23c                        _etext = .

.vfp11_veneer   0x0800a23c        0x0
 .vfp11_veneer  0x0800a23c        0x0 linker stubs

.v4_bx          0x0800a23c        0x0
 .v4_bx         0x0800a23c        0x0 linker stubs

.iplt           0x0800a23c        0x0
 .iplt          0x0800a23c        0x0 D:/Softwares/STM32CubeIDE/STM32CubeIDE_1.16.1/STM32CubeIDE/plugins/com.st.stm32cube.ide.mcu.externaltools.gnu-tools-for-stm32.12.3.rel1.win32_1.0.200.202406191623/tools/bin/../lib/gcc/arm-none-eabi/12.3.1/thumb/v7-m/nofp/crtbegin.o

.rodata         0x0800a240       0x88
                0x0800a240                        . = ALIGN (0x4)
 *(.rodata)
 .rodata        0x0800a240        0xb ./Core/Src/e104bt52.o
 *(.rodata*)
 *fill*         0x0800a24b        0x1 
 .rodata.AHBPrescTable
                0x0800a24c       0x10 ./Core/Src/system_stm32f1xx.o
                0x0800a24c                AHBPrescTable
 .rodata.APBPrescTable
                0x0800a25c        0x8 ./Core/Src/system_stm32f1xx.o
                0x0800a25c                APBPrescTable
 .rodata.aPLLMULFactorTable.1
                0x0800a264       0x10 ./Drivers/STM32F1xx_HAL_Driver/Src/stm32f1xx_hal_rcc.o
 .rodata.aPredivFactorTable.0
                0x0800a274        0x2 ./Drivers/STM32F1xx_HAL_Driver/Src/stm32f1xx_hal_rcc.o
 *fill*         0x0800a276        0x2 
 .rodata.atanlo
                0x0800a278       0x10 D:/Softwares/STM32CubeIDE/STM32CubeIDE_1.16.1/STM32CubeIDE/plugins/com.st.stm32cube.ide.mcu.externaltools.gnu-tools-for-stm32.12.3.rel1.win32_1.0.200.202406191623/tools/bin/../lib/gcc/arm-none-eabi/12.3.1/../../../../arm-none-eabi/lib/thumb/v7-m/nofp\libm.a(libm_a-sf_atan.o)
 .rodata.atanhi
                0x0800a288       0x10 D:/Softwares/STM32CubeIDE/STM32CubeIDE_1.16.1/STM32CubeIDE/plugins/com.st.stm32cube.ide.mcu.externaltools.gnu-tools-for-stm32.12.3.rel1.win32_1.0.200.202406191623/tools/bin/../lib/gcc/arm-none-eabi/12.3.1/../../../../arm-none-eabi/lib/thumb/v7-m/nofp\libm.a(libm_a-sf_atan.o)
 .rodata.dp_l   0x0800a298       0x10 D:/Softwares/STM32CubeIDE/STM32CubeIDE_1.16.1/STM32CubeIDE/plugins/com.st.stm32cube.ide.mcu.externaltools.gnu-tools-for-stm32.12.3.rel1.win32_1.0.200.202406191623/tools/bin/../lib/gcc/arm-none-eabi/12.3.1/../../../../arm-none-eabi/lib/thumb/v7-m/nofp\libm.a(libm_a-e_pow.o)
 .rodata.dp_h   0x0800a2a8       0x10 D:/Softwares/STM32CubeIDE/STM32CubeIDE_1.16.1/STM32CubeIDE/plugins/com.st.stm32cube.ide.mcu.externaltools.gnu-tools-for-stm32.12.3.rel1.win32_1.0.200.202406191623/tools/bin/../lib/gcc/arm-none-eabi/12.3.1/../../../../arm-none-eabi/lib/thumb/v7-m/nofp\libm.a(libm_a-e_pow.o)
 .rodata.bp     0x0800a2b8       0x10 D:/Softwares/STM32CubeIDE/STM32CubeIDE_1.16.1/STM32CubeIDE/plugins/com.st.stm32cube.ide.mcu.externaltools.gnu-tools-for-stm32.12.3.rel1.win32_1.0.200.202406191623/tools/bin/../lib/gcc/arm-none-eabi/12.3.1/../../../../arm-none-eabi/lib/thumb/v7-m/nofp\libm.a(libm_a-e_pow.o)
                0x0800a2c8                        . = ALIGN (0x4)

.ARM.extab      0x0800a2c8        0x0
                0x0800a2c8                        . = ALIGN (0x4)
 *(.ARM.extab* .gnu.linkonce.armextab.*)
                0x0800a2c8                        . = ALIGN (0x4)

.ARM            0x0800a2c8        0x0
                0x0800a2c8                        . = ALIGN (0x4)
                0x0800a2c8                        __exidx_start = .
 *(.ARM.exidx*)
                0x0800a2c8                        __exidx_end = .
                0x0800a2c8                        . = ALIGN (0x4)

.preinit_array  0x0800a2c8        0x0
                0x0800a2c8                        . = ALIGN (0x4)
                0x0800a2c8                        PROVIDE (__preinit_array_start = .)
 *(.preinit_array*)
                0x0800a2c8                        PROVIDE (__preinit_array_end = .)
                0x0800a2c8                        . = ALIGN (0x4)

.init_array     0x0800a2c8        0x4
                0x0800a2c8                        . = ALIGN (0x4)
                0x0800a2c8                        PROVIDE (__init_array_start = .)
 *(SORT_BY_NAME(.init_array.*))
 *(.init_array*)
 .init_array    0x0800a2c8        0x4 D:/Softwares/STM32CubeIDE/STM32CubeIDE_1.16.1/STM32CubeIDE/plugins/com.st.stm32cube.ide.mcu.externaltools.gnu-tools-for-stm32.12.3.rel1.win32_1.0.200.202406191623/tools/bin/../lib/gcc/arm-none-eabi/12.3.1/thumb/v7-m/nofp/crtbegin.o
                0x0800a2cc                        PROVIDE (__init_array_end = .)
                0x0800a2cc                        . = ALIGN (0x4)

.fini_array     0x0800a2cc        0x4
                0x0800a2cc                        . = ALIGN (0x4)
                [!provide]                        PROVIDE (__fini_array_start = .)
 *(SORT_BY_NAME(.fini_array.*))
 *(.fini_array*)
 .fini_array    0x0800a2cc        0x4 D:/Softwares/STM32CubeIDE/STM32CubeIDE_1.16.1/STM32CubeIDE/plugins/com.st.stm32cube.ide.mcu.externaltools.gnu-tools-for-stm32.12.3.rel1.win32_1.0.200.202406191623/tools/bin/../lib/gcc/arm-none-eabi/12.3.1/thumb/v7-m/nofp/crtbegin.o
                [!provide]                        PROVIDE (__fini_array_end = .)
                0x0800a2d0                        . = ALIGN (0x4)
                0x0800a2d0                        _sidata = LOADADDR (.data)

.rel.dyn        0x0800a2d0        0x0
 .rel.iplt      0x0800a2d0        0x0 D:/Softwares/STM32CubeIDE/STM32CubeIDE_1.16.1/STM32CubeIDE/plugins/com.st.stm32cube.ide.mcu.externaltools.gnu-tools-for-stm32.12.3.rel1.win32_1.0.200.202406191623/tools/bin/../lib/gcc/arm-none-eabi/12.3.1/thumb/v7-m/nofp/crtbegin.o

.data           0x20000000       0x70 load address 0x0800a2d0
                0x20000000                        . = ALIGN (0x4)
                0x20000000                        _sdata = .
 *(.data)
 *(.data*)
 .data.i_max    0x20000000        0x4 ./Core/Src/drone_utils.o
                0x20000000                i_max
 .data.SystemCoreClock
                0x20000004        0x4 ./Core/Src/system_stm32f1xx.o
                0x20000004                SystemCoreClock
 .data.uwTickPrio
                0x20000008        0x4 ./Drivers/STM32F1xx_HAL_Driver/Src/stm32f1xx_hal.o
                0x20000008                uwTickPrio
 .data.uwTickFreq
                0x2000000c        0x1 ./Drivers/STM32F1xx_HAL_Driver/Src/stm32f1xx_hal.o
                0x2000000c                uwTickFreq
 *fill*         0x2000000d        0x3 
 .data._impure_ptr
                0x20000010        0x4 D:/Softwares/STM32CubeIDE/STM32CubeIDE_1.16.1/STM32CubeIDE/plugins/com.st.stm32cube.ide.mcu.externaltools.gnu-tools-for-stm32.12.3.rel1.win32_1.0.200.202406191623/tools/bin/../lib/gcc/arm-none-eabi/12.3.1/../../../../arm-none-eabi/lib/thumb/v7-m/nofp\libc_nano.a(libc_a-impure.o)
                0x20000010                _impure_ptr
 .data._impure_data
                0x20000014       0x4c D:/Softwares/STM32CubeIDE/STM32CubeIDE_1.16.1/STM32CubeIDE/plugins/com.st.stm32cube.ide.mcu.externaltools.gnu-tools-for-stm32.12.3.rel1.win32_1.0.200.202406191623/tools/bin/../lib/gcc/arm-none-eabi/12.3.1/../../../../arm-none-eabi/lib/thumb/v7-m/nofp\libc_nano.a(libc_a-impure.o)
                0x20000014                _impure_data
 .data.tiny     0x20000060        0x8 D:/Softwares/STM32CubeIDE/STM32CubeIDE_1.16.1/STM32CubeIDE/plugins/com.st.stm32cube.ide.mcu.externaltools.gnu-tools-for-stm32.12.3.rel1.win32_1.0.200.202406191623/tools/bin/../lib/gcc/arm-none-eabi/12.3.1/../../../../arm-none-eabi/lib/thumb/v7-m/nofp\libm.a(libm_a-e_sqrt.o)
 .data.one      0x20000068        0x8 D:/Softwares/STM32CubeIDE/STM32CubeIDE_1.16.1/STM32CubeIDE/plugins/com.st.stm32cube.ide.mcu.externaltools.gnu-tools-for-stm32.12.3.rel1.win32_1.0.200.202406191623/tools/bin/../lib/gcc/arm-none-eabi/12.3.1/../../../../arm-none-eabi/lib/thumb/v7-m/nofp\libm.a(libm_a-e_sqrt.o)
 *(.RamFunc)
 *(.RamFunc*)
                0x20000070                        . = ALIGN (0x4)
                0x20000070                        _edata = .

.igot.plt       0x20000070        0x0 load address 0x0800a340
 .igot.plt      0x20000070        0x0 D:/Softwares/STM32CubeIDE/STM32CubeIDE_1.16.1/STM32CubeIDE/plugins/com.st.stm32cube.ide.mcu.externaltools.gnu-tools-for-stm32.12.3.rel1.win32_1.0.200.202406191623/tools/bin/../lib/gcc/arm-none-eabi/12.3.1/thumb/v7-m/nofp/crtbegin.o
                0x20000070                        . = ALIGN (0x4)

.bss            0x20000070      0x414 load address 0x0800a340
                0x20000070                        _sbss = .
                0x20000070                        __bss_start__ = _sbss
 *(.bss)
 .bss           0x20000070       0x1c D:/Softwares/STM32CubeIDE/STM32CubeIDE_1.16.1/STM32CubeIDE/plugins/com.st.stm32cube.ide.mcu.externaltools.gnu-tools-for-stm32.12.3.rel1.win32_1.0.200.202406191623/tools/bin/../lib/gcc/arm-none-eabi/12.3.1/thumb/v7-m/nofp/crtbegin.o
 *(.bss*)
 .bss.hadc1     0x2000008c       0x30 ./Core/Src/adc.o
                0x2000008c                hadc1
 .bss.p         0x200000bc        0xc ./Core/Src/drone_utils.o
                0x200000bc                p
 .bss.i         0x200000c8        0xc ./Core/Src/drone_utils.o
                0x200000c8                i
 .bss.d         0x200000d4        0xc ./Core/Src/drone_utils.o
                0x200000d4                d
 .bss.receiveData
                0x200000e0       0x1e ./Core/Src/e104bt52.o
                0x200000e0                receiveData
 *fill*         0x200000fe        0x2 
 .bss.hi2c1     0x20000100       0x54 ./Core/Src/i2c.o
                0x20000100                hi2c1
 .bss.isBleLinked
                0x20000154        0x4 ./Core/Src/main.o
                0x20000154                isBleLinked
 .bss.loopFlag  0x20000158        0x4 ./Core/Src/main.o
                0x20000158                loopFlag
 .bss.transmitImuData
                0x2000015c        0x4 ./Core/Src/main.o
                0x2000015c                transmitImuData
 .bss.acceleration
                0x20000160        0xc ./Core/Src/main.o
                0x20000160                acceleration
 .bss.angularVelocity
                0x2000016c        0xc ./Core/Src/main.o
                0x2000016c                angularVelocity
 .bss.currAngle
                0x20000178        0xc ./Core/Src/main.o
                0x20000178                currAngle
 .bss.prevAngle
                0x20000184        0xc ./Core/Src/main.o
                0x20000184                prevAngle
 .bss.targetAngle
                0x20000190        0xc ./Core/Src/main.o
                0x20000190                targetAngle
 .bss.pidGain   0x2000019c        0xc ./Core/Src/main.o
                0x2000019c                pidGain
 .bss.motorBaseSpeed
                0x200001a8       0x10 ./Core/Src/main.o
                0x200001a8                motorBaseSpeed
 .bss.motorSpeed
                0x200001b8       0x10 ./Core/Src/main.o
                0x200001b8                motorSpeed
 .bss.angCalibrationValue
                0x200001c8        0xc ./Core/Src/qmi8658.o
                0x200001c8                angCalibrationValue
 *fill*         0x200001d4        0x4 
 .bss.scaleFactor_acc
                0x200001d8        0x8 ./Core/Src/qmi8658.o
                0x200001d8                scaleFactor_acc
 .bss.scaleFactor_ang
                0x200001e0        0x8 ./Core/Src/qmi8658.o
                0x200001e0                scaleFactor_ang
 .bss.htim1     0x200001e8       0x48 ./Core/Src/tim.o
                0x200001e8                htim1
 .bss.htim2     0x20000230       0x48 ./Core/Src/tim.o
                0x20000230                htim2
 .bss.huart2    0x20000278       0x48 ./Core/Src/usart.o
                0x20000278                huart2
 .bss.hdma_usart2_tx
                0x200002c0       0x44 ./Core/Src/usart.o
                0x200002c0                hdma_usart2_tx
 .bss.hdma_usart2_rx
                0x20000304       0x44 ./Core/Src/usart.o
                0x20000304                hdma_usart2_rx
 .bss.uwTick    0x20000348        0x4 ./Drivers/STM32F1xx_HAL_Driver/Src/stm32f1xx_hal.o
                0x20000348                uwTick
 .bss.__sf      0x2000034c      0x138 D:/Softwares/STM32CubeIDE/STM32CubeIDE_1.16.1/STM32CubeIDE/plugins/com.st.stm32cube.ide.mcu.externaltools.gnu-tools-for-stm32.12.3.rel1.win32_1.0.200.202406191623/tools/bin/../lib/gcc/arm-none-eabi/12.3.1/../../../../arm-none-eabi/lib/thumb/v7-m/nofp\libc_nano.a(libc_a-findfp.o)
                0x2000034c                __sf
 *(COMMON)
                0x20000484                        . = ALIGN (0x4)
                0x20000484                        _ebss = .
                0x20000484                        __bss_end__ = _ebss

._user_heap_stack
                0x20000484      0x604 load address 0x0800a340
                0x20000488                        . = ALIGN (0x8)
 *fill*         0x20000484        0x4 
                [!provide]                        PROVIDE (end = .)
                0x20000488                        PROVIDE (_end = .)
                0x20000688                        . = (. + _Min_Heap_Size)
 *fill*         0x20000488      0x200 
                0x20000a88                        . = (. + _Min_Stack_Size)
 *fill*         0x20000688      0x400 
                0x20000a88                        . = ALIGN (0x8)

/DISCARD/
 libc.a(*)
 libm.a(*)
 libgcc.a(*)

.ARM.attributes
                0x00000000       0x29
 *(.ARM.attributes)
 .ARM.attributes
                0x00000000       0x1d D:/Softwares/STM32CubeIDE/STM32CubeIDE_1.16.1/STM32CubeIDE/plugins/com.st.stm32cube.ide.mcu.externaltools.gnu-tools-for-stm32.12.3.rel1.win32_1.0.200.202406191623/tools/bin/../lib/gcc/arm-none-eabi/12.3.1/thumb/v7-m/nofp/crti.o
 .ARM.attributes
                0x0000001d       0x2d D:/Softwares/STM32CubeIDE/STM32CubeIDE_1.16.1/STM32CubeIDE/plugins/com.st.stm32cube.ide.mcu.externaltools.gnu-tools-for-stm32.12.3.rel1.win32_1.0.200.202406191623/tools/bin/../lib/gcc/arm-none-eabi/12.3.1/thumb/v7-m/nofp/crtbegin.o
 .ARM.attributes
                0x0000004a       0x2d ./Core/Src/adc.o
 .ARM.attributes
                0x00000077       0x2d ./Core/Src/dma.o
 .ARM.attributes
                0x000000a4       0x2d ./Core/Src/drone_utils.o
 .ARM.attributes
                0x000000d1       0x2d ./Core/Src/e104bt52.o
 .ARM.attributes
                0x000000fe       0x2d ./Core/Src/gpio.o
 .ARM.attributes
                0x0000012b       0x2d ./Core/Src/i2c.o
 .ARM.attributes
                0x00000158       0x2d ./Core/Src/led.o
 .ARM.attributes
                0x00000185       0x2d ./Core/Src/main.o
 .ARM.attributes
                0x000001b2       0x2d ./Core/Src/motor.o
 .ARM.attributes
                0x000001df       0x2d ./Core/Src/qmi8658.o
 .ARM.attributes
                0x0000020c       0x2d ./Core/Src/stm32f1xx_hal_msp.o
 .ARM.attributes
                0x00000239       0x2d ./Core/Src/stm32f1xx_it.o
 .ARM.attributes
                0x00000266       0x2d ./Core/Src/system_stm32f1xx.o
 .ARM.attributes
                0x00000293       0x2d ./Core/Src/tim.o
 .ARM.attributes
                0x000002c0       0x2d ./Core/Src/usart.o
 .ARM.attributes
                0x000002ed       0x21 ./Core/Startup/startup_stm32f103tbux.o
 .ARM.attributes
                0x0000030e       0x2d ./Drivers/STM32F1xx_HAL_Driver/Src/stm32f1xx_hal.o
 .ARM.attributes
                0x0000033b       0x2d ./Drivers/STM32F1xx_HAL_Driver/Src/stm32f1xx_hal_adc.o
 .ARM.attributes
                0x00000368       0x2d ./Drivers/STM32F1xx_HAL_Driver/Src/stm32f1xx_hal_cortex.o
 .ARM.attributes
                0x00000395       0x2d ./Drivers/STM32F1xx_HAL_Driver/Src/stm32f1xx_hal_dma.o
 .ARM.attributes
                0x000003c2       0x2d ./Drivers/STM32F1xx_HAL_Driver/Src/stm32f1xx_hal_gpio.o
 .ARM.attributes
                0x000003ef       0x2d ./Drivers/STM32F1xx_HAL_Driver/Src/stm32f1xx_hal_i2c.o
 .ARM.attributes
                0x0000041c       0x2d ./Drivers/STM32F1xx_HAL_Driver/Src/stm32f1xx_hal_rcc.o
 .ARM.attributes
                0x00000449       0x2d ./Drivers/STM32F1xx_HAL_Driver/Src/stm32f1xx_hal_rcc_ex.o
 .ARM.attributes
                0x00000476       0x2d ./Drivers/STM32F1xx_HAL_Driver/Src/stm32f1xx_hal_tim.o
 .ARM.attributes
                0x000004a3       0x2d ./Drivers/STM32F1xx_HAL_Driver/Src/stm32f1xx_hal_tim_ex.o
 .ARM.attributes
                0x000004d0       0x2d ./Drivers/STM32F1xx_HAL_Driver/Src/stm32f1xx_hal_uart.o
 .ARM.attributes
                0x000004fd       0x2d D:/Softwares/STM32CubeIDE/STM32CubeIDE_1.16.1/STM32CubeIDE/plugins/com.st.stm32cube.ide.mcu.externaltools.gnu-tools-for-stm32.12.3.rel1.win32_1.0.200.202406191623/tools/bin/../lib/gcc/arm-none-eabi/12.3.1/../../../../arm-none-eabi/lib/thumb/v7-m/nofp\libc_nano.a(libc_a-findfp.o)
 .ARM.attributes
                0x0000052a       0x2d D:/Softwares/STM32CubeIDE/STM32CubeIDE_1.16.1/STM32CubeIDE/plugins/com.st.stm32cube.ide.mcu.externaltools.gnu-tools-for-stm32.12.3.rel1.win32_1.0.200.202406191623/tools/bin/../lib/gcc/arm-none-eabi/12.3.1/../../../../arm-none-eabi/lib/thumb/v7-m/nofp\libc_nano.a(libc_a-memset.o)
 .ARM.attributes
                0x00000557       0x2d D:/Softwares/STM32CubeIDE/STM32CubeIDE_1.16.1/STM32CubeIDE/plugins/com.st.stm32cube.ide.mcu.externaltools.gnu-tools-for-stm32.12.3.rel1.win32_1.0.200.202406191623/tools/bin/../lib/gcc/arm-none-eabi/12.3.1/../../../../arm-none-eabi/lib/thumb/v7-m/nofp\libc_nano.a(libc_a-impure.o)
 .ARM.attributes
                0x00000584       0x2d D:/Softwares/STM32CubeIDE/STM32CubeIDE_1.16.1/STM32CubeIDE/plugins/com.st.stm32cube.ide.mcu.externaltools.gnu-tools-for-stm32.12.3.rel1.win32_1.0.200.202406191623/tools/bin/../lib/gcc/arm-none-eabi/12.3.1/../../../../arm-none-eabi/lib/thumb/v7-m/nofp\libc_nano.a(libc_a-errno.o)
 .ARM.attributes
                0x000005b1       0x2d D:/Softwares/STM32CubeIDE/STM32CubeIDE_1.16.1/STM32CubeIDE/plugins/com.st.stm32cube.ide.mcu.externaltools.gnu-tools-for-stm32.12.3.rel1.win32_1.0.200.202406191623/tools/bin/../lib/gcc/arm-none-eabi/12.3.1/../../../../arm-none-eabi/lib/thumb/v7-m/nofp\libc_nano.a(libc_a-init.o)
 .ARM.attributes
                0x000005de       0x2d D:/Softwares/STM32CubeIDE/STM32CubeIDE_1.16.1/STM32CubeIDE/plugins/com.st.stm32cube.ide.mcu.externaltools.gnu-tools-for-stm32.12.3.rel1.win32_1.0.200.202406191623/tools/bin/../lib/gcc/arm-none-eabi/12.3.1/../../../../arm-none-eabi/lib/thumb/v7-m/nofp\libm.a(libm_a-w_pow.o)
 .ARM.attributes
                0x0000060b       0x2d D:/Softwares/STM32CubeIDE/STM32CubeIDE_1.16.1/STM32CubeIDE/plugins/com.st.stm32cube.ide.mcu.externaltools.gnu-tools-for-stm32.12.3.rel1.win32_1.0.200.202406191623/tools/bin/../lib/gcc/arm-none-eabi/12.3.1/../../../../arm-none-eabi/lib/thumb/v7-m/nofp\libm.a(libm_a-w_sqrt.o)
 .ARM.attributes
                0x00000638       0x2d D:/Softwares/STM32CubeIDE/STM32CubeIDE_1.16.1/STM32CubeIDE/plugins/com.st.stm32cube.ide.mcu.externaltools.gnu-tools-for-stm32.12.3.rel1.win32_1.0.200.202406191623/tools/bin/../lib/gcc/arm-none-eabi/12.3.1/../../../../arm-none-eabi/lib/thumb/v7-m/nofp\libm.a(libm_a-s_fabs.o)
 .ARM.attributes
                0x00000665       0x2d D:/Softwares/STM32CubeIDE/STM32CubeIDE_1.16.1/STM32CubeIDE/plugins/com.st.stm32cube.ide.mcu.externaltools.gnu-tools-for-stm32.12.3.rel1.win32_1.0.200.202406191623/tools/bin/../lib/gcc/arm-none-eabi/12.3.1/../../../../arm-none-eabi/lib/thumb/v7-m/nofp\libm.a(libm_a-sf_atan.o)
 .ARM.attributes
                0x00000692       0x2d D:/Softwares/STM32CubeIDE/STM32CubeIDE_1.16.1/STM32CubeIDE/plugins/com.st.stm32cube.ide.mcu.externaltools.gnu-tools-for-stm32.12.3.rel1.win32_1.0.200.202406191623/tools/bin/../lib/gcc/arm-none-eabi/12.3.1/../../../../arm-none-eabi/lib/thumb/v7-m/nofp\libm.a(libm_a-sf_fabs.o)
 .ARM.attributes
                0x000006bf       0x2d D:/Softwares/STM32CubeIDE/STM32CubeIDE_1.16.1/STM32CubeIDE/plugins/com.st.stm32cube.ide.mcu.externaltools.gnu-tools-for-stm32.12.3.rel1.win32_1.0.200.202406191623/tools/bin/../lib/gcc/arm-none-eabi/12.3.1/../../../../arm-none-eabi/lib/thumb/v7-m/nofp\libm.a(libm_a-s_finite.o)
 .ARM.attributes
                0x000006ec       0x2d D:/Softwares/STM32CubeIDE/STM32CubeIDE_1.16.1/STM32CubeIDE/plugins/com.st.stm32cube.ide.mcu.externaltools.gnu-tools-for-stm32.12.3.rel1.win32_1.0.200.202406191623/tools/bin/../lib/gcc/arm-none-eabi/12.3.1/../../../../arm-none-eabi/lib/thumb/v7-m/nofp\libm.a(libm_a-e_sqrt.o)
 .ARM.attributes
                0x00000719       0x2d D:/Softwares/STM32CubeIDE/STM32CubeIDE_1.16.1/STM32CubeIDE/plugins/com.st.stm32cube.ide.mcu.externaltools.gnu-tools-for-stm32.12.3.rel1.win32_1.0.200.202406191623/tools/bin/../lib/gcc/arm-none-eabi/12.3.1/../../../../arm-none-eabi/lib/thumb/v7-m/nofp\libm.a(libm_a-e_pow.o)
 .ARM.attributes
                0x00000746       0x2d D:/Softwares/STM32CubeIDE/STM32CubeIDE_1.16.1/STM32CubeIDE/plugins/com.st.stm32cube.ide.mcu.externaltools.gnu-tools-for-stm32.12.3.rel1.win32_1.0.200.202406191623/tools/bin/../lib/gcc/arm-none-eabi/12.3.1/../../../../arm-none-eabi/lib/thumb/v7-m/nofp\libm.a(libm_a-s_scalbn.o)
 .ARM.attributes
                0x00000773       0x2d D:/Softwares/STM32CubeIDE/STM32CubeIDE_1.16.1/STM32CubeIDE/plugins/com.st.stm32cube.ide.mcu.externaltools.gnu-tools-for-stm32.12.3.rel1.win32_1.0.200.202406191623/tools/bin/../lib/gcc/arm-none-eabi/12.3.1/../../../../arm-none-eabi/lib/thumb/v7-m/nofp\libm.a(libm_a-math_err.o)
 .ARM.attributes
                0x000007a0       0x1d D:/Softwares/STM32CubeIDE/STM32CubeIDE_1.16.1/STM32CubeIDE/plugins/com.st.stm32cube.ide.mcu.externaltools.gnu-tools-for-stm32.12.3.rel1.win32_1.0.200.202406191623/tools/bin/../lib/gcc/arm-none-eabi/12.3.1/thumb/v7-m/nofp\libgcc.a(_arm_addsubdf3.o)
 .ARM.attributes
                0x000007bd       0x1d D:/Softwares/STM32CubeIDE/STM32CubeIDE_1.16.1/STM32CubeIDE/plugins/com.st.stm32cube.ide.mcu.externaltools.gnu-tools-for-stm32.12.3.rel1.win32_1.0.200.202406191623/tools/bin/../lib/gcc/arm-none-eabi/12.3.1/thumb/v7-m/nofp\libgcc.a(_arm_muldivdf3.o)
 .ARM.attributes
                0x000007da       0x1d D:/Softwares/STM32CubeIDE/STM32CubeIDE_1.16.1/STM32CubeIDE/plugins/com.st.stm32cube.ide.mcu.externaltools.gnu-tools-for-stm32.12.3.rel1.win32_1.0.200.202406191623/tools/bin/../lib/gcc/arm-none-eabi/12.3.1/thumb/v7-m/nofp\libgcc.a(_arm_cmpdf2.o)
 .ARM.attributes
                0x000007f7       0x1d D:/Softwares/STM32CubeIDE/STM32CubeIDE_1.16.1/STM32CubeIDE/plugins/com.st.stm32cube.ide.mcu.externaltools.gnu-tools-for-stm32.12.3.rel1.win32_1.0.200.202406191623/tools/bin/../lib/gcc/arm-none-eabi/12.3.1/thumb/v7-m/nofp\libgcc.a(_arm_unorddf2.o)
 .ARM.attributes
                0x00000814       0x1d D:/Softwares/STM32CubeIDE/STM32CubeIDE_1.16.1/STM32CubeIDE/plugins/com.st.stm32cube.ide.mcu.externaltools.gnu-tools-for-stm32.12.3.rel1.win32_1.0.200.202406191623/tools/bin/../lib/gcc/arm-none-eabi/12.3.1/thumb/v7-m/nofp\libgcc.a(_arm_truncdfsf2.o)
 .ARM.attributes
                0x00000831       0x1d D:/Softwares/STM32CubeIDE/STM32CubeIDE_1.16.1/STM32CubeIDE/plugins/com.st.stm32cube.ide.mcu.externaltools.gnu-tools-for-stm32.12.3.rel1.win32_1.0.200.202406191623/tools/bin/../lib/gcc/arm-none-eabi/12.3.1/thumb/v7-m/nofp\libgcc.a(_arm_addsubsf3.o)
 .ARM.attributes
                0x0000084e       0x1d D:/Softwares/STM32CubeIDE/STM32CubeIDE_1.16.1/STM32CubeIDE/plugins/com.st.stm32cube.ide.mcu.externaltools.gnu-tools-for-stm32.12.3.rel1.win32_1.0.200.202406191623/tools/bin/../lib/gcc/arm-none-eabi/12.3.1/thumb/v7-m/nofp\libgcc.a(_arm_muldivsf3.o)
 .ARM.attributes
                0x0000086b       0x1d D:/Softwares/STM32CubeIDE/STM32CubeIDE_1.16.1/STM32CubeIDE/plugins/com.st.stm32cube.ide.mcu.externaltools.gnu-tools-for-stm32.12.3.rel1.win32_1.0.200.202406191623/tools/bin/../lib/gcc/arm-none-eabi/12.3.1/thumb/v7-m/nofp\libgcc.a(_arm_cmpsf2.o)
 .ARM.attributes
                0x00000888       0x1d D:/Softwares/STM32CubeIDE/STM32CubeIDE_1.16.1/STM32CubeIDE/plugins/com.st.stm32cube.ide.mcu.externaltools.gnu-tools-for-stm32.12.3.rel1.win32_1.0.200.202406191623/tools/bin/../lib/gcc/arm-none-eabi/12.3.1/thumb/v7-m/nofp\libgcc.a(_arm_fixsfsi.o)
 .ARM.attributes
                0x000008a5       0x1d D:/Softwares/STM32CubeIDE/STM32CubeIDE_1.16.1/STM32CubeIDE/plugins/com.st.stm32cube.ide.mcu.externaltools.gnu-tools-for-stm32.12.3.rel1.win32_1.0.200.202406191623/tools/bin/../lib/gcc/arm-none-eabi/12.3.1/thumb/v7-m/nofp/crtn.o
OUTPUT(Drone.elf elf32-littlearm)
LOAD linker stubs
LOAD D:/Softwares/STM32CubeIDE/STM32CubeIDE_1.16.1/STM32CubeIDE/plugins/com.st.stm32cube.ide.mcu.externaltools.gnu-tools-for-stm32.12.3.rel1.win32_1.0.200.202406191623/tools/bin/../lib/gcc/arm-none-eabi/12.3.1/../../../../arm-none-eabi/lib/thumb/v7-m/nofp\libc.a
LOAD D:/Softwares/STM32CubeIDE/STM32CubeIDE_1.16.1/STM32CubeIDE/plugins/com.st.stm32cube.ide.mcu.externaltools.gnu-tools-for-stm32.12.3.rel1.win32_1.0.200.202406191623/tools/bin/../lib/gcc/arm-none-eabi/12.3.1/../../../../arm-none-eabi/lib/thumb/v7-m/nofp\libm.a
LOAD D:/Softwares/STM32CubeIDE/STM32CubeIDE_1.16.1/STM32CubeIDE/plugins/com.st.stm32cube.ide.mcu.externaltools.gnu-tools-for-stm32.12.3.rel1.win32_1.0.200.202406191623/tools/bin/../lib/gcc/arm-none-eabi/12.3.1/thumb/v7-m/nofp\libgcc.a

.debug_info     0x00000000    0x1355b
 .debug_info    0x00000000      0x7b8 ./Core/Src/adc.o
 .debug_info    0x000007b8      0x2cf ./Core/Src/dma.o
 .debug_info    0x00000a87      0x67d ./Core/Src/drone_utils.o
 .debug_info    0x00001104      0x8dd ./Core/Src/e104bt52.o
 .debug_info    0x000019e1      0x346 ./Core/Src/gpio.o
 .debug_info    0x00001d27      0x976 ./Core/Src/i2c.o
 .debug_info    0x0000269d      0x196 ./Core/Src/led.o
 .debug_info    0x00002833      0xd29 ./Core/Src/main.o
 .debug_info    0x0000355c      0x6bb ./Core/Src/motor.o
 .debug_info    0x00003c17      0xa25 ./Core/Src/qmi8658.o
 .debug_info    0x0000463c      0x1f1 ./Core/Src/stm32f1xx_hal_msp.o
 .debug_info    0x0000482d      0xc7a ./Core/Src/stm32f1xx_it.o
 .debug_info    0x000054a7      0x222 ./Core/Src/system_stm32f1xx.o
 .debug_info    0x000056c9      0xcfb ./Core/Src/tim.o
 .debug_info    0x000063c4      0x975 ./Core/Src/usart.o
 .debug_info    0x00006d39       0x30 ./Core/Startup/startup_stm32f103tbux.o
 .debug_info    0x00006d69      0x704 ./Drivers/STM32F1xx_HAL_Driver/Src/stm32f1xx_hal.o
 .debug_info    0x0000746d      0xc50 ./Drivers/STM32F1xx_HAL_Driver/Src/stm32f1xx_hal_adc.o
 .debug_info    0x000080bd      0xa87 ./Drivers/STM32F1xx_HAL_Driver/Src/stm32f1xx_hal_cortex.o
 .debug_info    0x00008b44      0x6d2 ./Drivers/STM32F1xx_HAL_Driver/Src/stm32f1xx_hal_dma.o
 .debug_info    0x00009216      0x5ab ./Drivers/STM32F1xx_HAL_Driver/Src/stm32f1xx_hal_gpio.o
 .debug_info    0x000097c1     0x2524 ./Drivers/STM32F1xx_HAL_Driver/Src/stm32f1xx_hal_i2c.o
 .debug_info    0x0000bce5      0x7d5 ./Drivers/STM32F1xx_HAL_Driver/Src/stm32f1xx_hal_rcc.o
 .debug_info    0x0000c4ba      0x3c0 ./Drivers/STM32F1xx_HAL_Driver/Src/stm32f1xx_hal_rcc_ex.o
 .debug_info    0x0000c87a     0x2959 ./Drivers/STM32F1xx_HAL_Driver/Src/stm32f1xx_hal_tim.o
 .debug_info    0x0000f1d3     0x149b ./Drivers/STM32F1xx_HAL_Driver/Src/stm32f1xx_hal_tim_ex.o
 .debug_info    0x0001066e     0x2eed ./Drivers/STM32F1xx_HAL_Driver/Src/stm32f1xx_hal_uart.o

.debug_abbrev   0x00000000     0x33d4
 .debug_abbrev  0x00000000      0x1e1 ./Core/Src/adc.o
 .debug_abbrev  0x000001e1       0xfc ./Core/Src/dma.o
 .debug_abbrev  0x000002dd      0x1b9 ./Core/Src/drone_utils.o
 .debug_abbrev  0x00000496      0x245 ./Core/Src/e104bt52.o
 .debug_abbrev  0x000006db      0x150 ./Core/Src/gpio.o
 .debug_abbrev  0x0000082b      0x1fd ./Core/Src/i2c.o
 .debug_abbrev  0x00000a28      0x108 ./Core/Src/led.o
 .debug_abbrev  0x00000b30      0x292 ./Core/Src/main.o
 .debug_abbrev  0x00000dc2      0x1a0 ./Core/Src/motor.o
 .debug_abbrev  0x00000f62      0x24a ./Core/Src/qmi8658.o
 .debug_abbrev  0x000011ac       0xdb ./Core/Src/stm32f1xx_hal_msp.o
 .debug_abbrev  0x00001287      0x1b6 ./Core/Src/stm32f1xx_it.o
 .debug_abbrev  0x0000143d      0x13f ./Core/Src/system_stm32f1xx.o
 .debug_abbrev  0x0000157c      0x257 ./Core/Src/tim.o
 .debug_abbrev  0x000017d3      0x21b ./Core/Src/usart.o
 .debug_abbrev  0x000019ee       0x24 ./Core/Startup/startup_stm32f103tbux.o
 .debug_abbrev  0x00001a12      0x201 ./Drivers/STM32F1xx_HAL_Driver/Src/stm32f1xx_hal.o
 .debug_abbrev  0x00001c13      0x225 ./Drivers/STM32F1xx_HAL_Driver/Src/stm32f1xx_hal_adc.o
 .debug_abbrev  0x00001e38      0x2f8 ./Drivers/STM32F1xx_HAL_Driver/Src/stm32f1xx_hal_cortex.o
 .debug_abbrev  0x00002130      0x20b ./Drivers/STM32F1xx_HAL_Driver/Src/stm32f1xx_hal_dma.o
 .debug_abbrev  0x0000233b      0x1ca ./Drivers/STM32F1xx_HAL_Driver/Src/stm32f1xx_hal_gpio.o
 .debug_abbrev  0x00002505      0x2a3 ./Drivers/STM32F1xx_HAL_Driver/Src/stm32f1xx_hal_i2c.o
 .debug_abbrev  0x000027a8      0x2b3 ./Drivers/STM32F1xx_HAL_Driver/Src/stm32f1xx_hal_rcc.o
 .debug_abbrev  0x00002a5b      0x188 ./Drivers/STM32F1xx_HAL_Driver/Src/stm32f1xx_hal_rcc_ex.o
 .debug_abbrev  0x00002be3      0x277 ./Drivers/STM32F1xx_HAL_Driver/Src/stm32f1xx_hal_tim.o
 .debug_abbrev  0x00002e5a      0x282 ./Drivers/STM32F1xx_HAL_Driver/Src/stm32f1xx_hal_tim_ex.o
 .debug_abbrev  0x000030dc      0x2f8 ./Drivers/STM32F1xx_HAL_Driver/Src/stm32f1xx_hal_uart.o

.debug_aranges  0x00000000     0x1218
 .debug_aranges
                0x00000000       0x30 ./Core/Src/adc.o
 .debug_aranges
                0x00000030       0x20 ./Core/Src/dma.o
 .debug_aranges
                0x00000050       0x78 ./Core/Src/drone_utils.o
 .debug_aranges
                0x000000c8       0x48 ./Core/Src/e104bt52.o
 .debug_aranges
                0x00000110       0x20 ./Core/Src/gpio.o
 .debug_aranges
                0x00000130       0x30 ./Core/Src/i2c.o
 .debug_aranges
                0x00000160       0x28 ./Core/Src/led.o
 .debug_aranges
                0x00000188       0x38 ./Core/Src/main.o
 .debug_aranges
                0x000001c0       0x28 ./Core/Src/motor.o
 .debug_aranges
                0x000001e8       0x60 ./Core/Src/qmi8658.o
 .debug_aranges
                0x00000248       0x20 ./Core/Src/stm32f1xx_hal_msp.o
 .debug_aranges
                0x00000268       0x90 ./Core/Src/stm32f1xx_it.o
 .debug_aranges
                0x000002f8       0x28 ./Core/Src/system_stm32f1xx.o
 .debug_aranges
                0x00000320       0x50 ./Core/Src/tim.o
 .debug_aranges
                0x00000370       0x30 ./Core/Src/usart.o
 .debug_aranges
                0x000003a0       0x28 ./Core/Startup/startup_stm32f103tbux.o
 .debug_aranges
                0x000003c8       0xe0 ./Drivers/STM32F1xx_HAL_Driver/Src/stm32f1xx_hal.o
 .debug_aranges
                0x000004a8       0xf0 ./Drivers/STM32F1xx_HAL_Driver/Src/stm32f1xx_hal_adc.o
 .debug_aranges
                0x00000598      0x100 ./Drivers/STM32F1xx_HAL_Driver/Src/stm32f1xx_hal_cortex.o
 .debug_aranges
                0x00000698       0x80 ./Drivers/STM32F1xx_HAL_Driver/Src/stm32f1xx_hal_dma.o
 .debug_aranges
                0x00000718       0x58 ./Drivers/STM32F1xx_HAL_Driver/Src/stm32f1xx_hal_gpio.o
 .debug_aranges
                0x00000770      0x2a8 ./Drivers/STM32F1xx_HAL_Driver/Src/stm32f1xx_hal_i2c.o
 .debug_aranges
                0x00000a18       0x90 ./Drivers/STM32F1xx_HAL_Driver/Src/stm32f1xx_hal_rcc.o
 .debug_aranges
                0x00000aa8       0x30 ./Drivers/STM32F1xx_HAL_Driver/Src/stm32f1xx_hal_rcc_ex.o
 .debug_aranges
                0x00000ad8      0x3d0 ./Drivers/STM32F1xx_HAL_Driver/Src/stm32f1xx_hal_tim.o
 .debug_aranges
                0x00000ea8      0x168 ./Drivers/STM32F1xx_HAL_Driver/Src/stm32f1xx_hal_tim_ex.o
 .debug_aranges
                0x00001010      0x208 ./Drivers/STM32F1xx_HAL_Driver/Src/stm32f1xx_hal_uart.o

.debug_rnglists
                0x00000000      0xe1b
 .debug_rnglists
                0x00000000       0x1f ./Core/Src/adc.o
 .debug_rnglists
                0x0000001f       0x13 ./Core/Src/dma.o
 .debug_rnglists
                0x00000032       0x5b ./Core/Src/drone_utils.o
 .debug_rnglists
                0x0000008d       0x33 ./Core/Src/e104bt52.o
 .debug_rnglists
                0x000000c0       0x14 ./Core/Src/gpio.o
 .debug_rnglists
                0x000000d4       0x20 ./Core/Src/i2c.o
 .debug_rnglists
                0x000000f4       0x19 ./Core/Src/led.o
 .debug_rnglists
                0x0000010d       0x27 ./Core/Src/main.o
 .debug_rnglists
                0x00000134       0x19 ./Core/Src/motor.o
 .debug_rnglists
                0x0000014d       0x47 ./Core/Src/qmi8658.o
 .debug_rnglists
                0x00000194       0x13 ./Core/Src/stm32f1xx_hal_msp.o
 .debug_rnglists
                0x000001a7       0x67 ./Core/Src/stm32f1xx_it.o
 .debug_rnglists
                0x0000020e       0x1a ./Core/Src/system_stm32f1xx.o
 .debug_rnglists
                0x00000228       0x39 ./Core/Src/tim.o
 .debug_rnglists
                0x00000261       0x20 ./Core/Src/usart.o
 .debug_rnglists
                0x00000281       0x19 ./Core/Startup/startup_stm32f103tbux.o
 .debug_rnglists
                0x0000029a       0xa3 ./Drivers/STM32F1xx_HAL_Driver/Src/stm32f1xx_hal.o
 .debug_rnglists
                0x0000033d       0xbc ./Drivers/STM32F1xx_HAL_Driver/Src/stm32f1xx_hal_adc.o
 .debug_rnglists
                0x000003f9       0xbb ./Drivers/STM32F1xx_HAL_Driver/Src/stm32f1xx_hal_cortex.o
 .debug_rnglists
                0x000004b4       0x64 ./Drivers/STM32F1xx_HAL_Driver/Src/stm32f1xx_hal_dma.o
 .debug_rnglists
                0x00000518       0x3f ./Drivers/STM32F1xx_HAL_Driver/Src/stm32f1xx_hal_gpio.o
 .debug_rnglists
                0x00000557      0x23c ./Drivers/STM32F1xx_HAL_Driver/Src/stm32f1xx_hal_i2c.o
 .debug_rnglists
                0x00000793       0x6c ./Drivers/STM32F1xx_HAL_Driver/Src/stm32f1xx_hal_rcc.o
 .debug_rnglists
                0x000007ff       0x21 ./Drivers/STM32F1xx_HAL_Driver/Src/stm32f1xx_hal_rcc_ex.o
 .debug_rnglists
                0x00000820      0x31a ./Drivers/STM32F1xx_HAL_Driver/Src/stm32f1xx_hal_tim.o
 .debug_rnglists
                0x00000b3a      0x125 ./Drivers/STM32F1xx_HAL_Driver/Src/stm32f1xx_hal_tim_ex.o
 .debug_rnglists
                0x00000c5f      0x1bc ./Drivers/STM32F1xx_HAL_Driver/Src/stm32f1xx_hal_uart.o

.debug_macro    0x00000000    0x19de9
 .debug_macro   0x00000000      0x1da ./Core/Src/adc.o
 .debug_macro   0x000001da      0xaa8 ./Core/Src/adc.o
 .debug_macro   0x00000c82      0x22d ./Core/Src/adc.o
 .debug_macro   0x00000eaf       0x2e ./Core/Src/adc.o
 .debug_macro   0x00000edd       0x22 ./Core/Src/adc.o
 .debug_macro   0x00000eff       0x22 ./Core/Src/adc.o
 .debug_macro   0x00000f21       0x8e ./Core/Src/adc.o
 .debug_macro   0x00000faf       0x51 ./Core/Src/adc.o
 .debug_macro   0x00001000      0x103 ./Core/Src/adc.o
 .debug_macro   0x00001103       0x6a ./Core/Src/adc.o
 .debug_macro   0x0000116d      0x1df ./Core/Src/adc.o
 .debug_macro   0x0000134c       0x1c ./Core/Src/adc.o
 .debug_macro   0x00001368       0x22 ./Core/Src/adc.o
 .debug_macro   0x0000138a       0xbd ./Core/Src/adc.o
 .debug_macro   0x00001447      0xd23 ./Core/Src/adc.o
 .debug_macro   0x0000216a     0xe09e ./Core/Src/adc.o
 .debug_macro   0x00010208       0x6d ./Core/Src/adc.o
 .debug_macro   0x00010275     0x34a2 ./Core/Src/adc.o
 .debug_macro   0x00013717      0x189 ./Core/Src/adc.o
 .debug_macro   0x000138a0       0x5c ./Core/Src/adc.o
 .debug_macro   0x000138fc      0x5bc ./Core/Src/adc.o
 .debug_macro   0x00013eb8      0x289 ./Core/Src/adc.o
 .debug_macro   0x00014141      0x1cb ./Core/Src/adc.o
 .debug_macro   0x0001430c      0x114 ./Core/Src/adc.o
 .debug_macro   0x00014420      0x1b2 ./Core/Src/adc.o
 .debug_macro   0x000145d2       0x27 ./Core/Src/adc.o
 .debug_macro   0x000145f9      0x136 ./Core/Src/adc.o
 .debug_macro   0x0001472f      0x1bc ./Core/Src/adc.o
 .debug_macro   0x000148eb       0x34 ./Core/Src/adc.o
 .debug_macro   0x0001491f       0x3c ./Core/Src/adc.o
 .debug_macro   0x0001495b       0x57 ./Core/Src/adc.o
 .debug_macro   0x000149b2      0x46a ./Core/Src/adc.o
 .debug_macro   0x00014e1c      0x1b5 ./Core/Src/adc.o
 .debug_macro   0x00014fd1       0x87 ./Core/Src/adc.o
 .debug_macro   0x00015058      0x240 ./Core/Src/adc.o
 .debug_macro   0x00015298      0x287 ./Core/Src/adc.o
 .debug_macro   0x0001551f      0x140 ./Core/Src/adc.o
 .debug_macro   0x0001565f      0x8ed ./Core/Src/adc.o
 .debug_macro   0x00015f4c      0x28e ./Core/Src/adc.o
 .debug_macro   0x000161da       0x83 ./Core/Src/adc.o
 .debug_macro   0x0001625d       0x58 ./Core/Src/adc.o
 .debug_macro   0x000162b5      0x1da ./Core/Src/dma.o
 .debug_macro   0x0001648f      0x136 ./Core/Src/drone_utils.o
 .debug_macro   0x000165c5       0x61 ./Core/Src/drone_utils.o
 .debug_macro   0x00016626       0x24 ./Core/Src/drone_utils.o
 .debug_macro   0x0001664a       0x43 ./Core/Src/drone_utils.o
 .debug_macro   0x0001668d       0x34 ./Core/Src/drone_utils.o
 .debug_macro   0x000166c1       0x16 ./Core/Src/drone_utils.o
 .debug_macro   0x000166d7       0x43 ./Core/Src/drone_utils.o
 .debug_macro   0x0001671a       0x34 ./Core/Src/drone_utils.o
 .debug_macro   0x0001674e       0x10 ./Core/Src/drone_utils.o
 .debug_macro   0x0001675e       0x58 ./Core/Src/drone_utils.o
 .debug_macro   0x000167b6       0x8e ./Core/Src/drone_utils.o
 .debug_macro   0x00016844       0x1c ./Core/Src/drone_utils.o
 .debug_macro   0x00016860      0x177 ./Core/Src/drone_utils.o
 .debug_macro   0x000169d7      0x369 ./Core/Src/drone_utils.o
 .debug_macro   0x00016d40      0x19b ./Core/Src/drone_utils.o
 .debug_macro   0x00016edb       0x22 ./Core/Src/drone_utils.o
 .debug_macro   0x00016efd      0x2ca ./Core/Src/e104bt52.o
 .debug_macro   0x000171c7       0x56 ./Core/Src/e104bt52.o
 .debug_macro   0x0001721d      0x1da ./Core/Src/gpio.o
 .debug_macro   0x000173f7      0x1da ./Core/Src/i2c.o
 .debug_macro   0x000175d1      0x1e4 ./Core/Src/led.o
 .debug_macro   0x000177b5      0x31c ./Core/Src/main.o
 .debug_macro   0x00017ad1      0x2ac ./Core/Src/motor.o
 .debug_macro   0x00017d7d      0x2f4 ./Core/Src/qmi8658.o
 .debug_macro   0x00018071      0x1d0 ./Core/Src/stm32f1xx_hal_msp.o
 .debug_macro   0x00018241      0x1da ./Core/Src/stm32f1xx_it.o
 .debug_macro   0x0001841b      0x1c1 ./Core/Src/system_stm32f1xx.o
 .debug_macro   0x000185dc      0x1da ./Core/Src/tim.o
 .debug_macro   0x000187b6      0x1da ./Core/Src/usart.o
 .debug_macro   0x00018990      0x1e5 ./Drivers/STM32F1xx_HAL_Driver/Src/stm32f1xx_hal.o
 .debug_macro   0x00018b75      0x1de ./Drivers/STM32F1xx_HAL_Driver/Src/stm32f1xx_hal_adc.o
 .debug_macro   0x00018d53      0x1c1 ./Drivers/STM32F1xx_HAL_Driver/Src/stm32f1xx_hal_cortex.o
 .debug_macro   0x00018f14      0x1c1 ./Drivers/STM32F1xx_HAL_Driver/Src/stm32f1xx_hal_dma.o
 .debug_macro   0x000190d5      0x22c ./Drivers/STM32F1xx_HAL_Driver/Src/stm32f1xx_hal_gpio.o
 .debug_macro   0x00019301      0x20f ./Drivers/STM32F1xx_HAL_Driver/Src/stm32f1xx_hal_i2c.o
 .debug_macro   0x00019510      0x1d3 ./Drivers/STM32F1xx_HAL_Driver/Src/stm32f1xx_hal_rcc.o
 .debug_macro   0x000196e3      0x1c1 ./Drivers/STM32F1xx_HAL_Driver/Src/stm32f1xx_hal_rcc_ex.o
 .debug_macro   0x000198a4      0x1c2 ./Drivers/STM32F1xx_HAL_Driver/Src/stm32f1xx_hal_tim.o
 .debug_macro   0x00019a66      0x1c1 ./Drivers/STM32F1xx_HAL_Driver/Src/stm32f1xx_hal_tim_ex.o
 .debug_macro   0x00019c27      0x1c2 ./Drivers/STM32F1xx_HAL_Driver/Src/stm32f1xx_hal_uart.o

.debug_line     0x00000000    0x19e38
 .debug_line    0x00000000      0x86b ./Core/Src/adc.o
 .debug_line    0x0000086b      0x7f9 ./Core/Src/dma.o
 .debug_line    0x00001064      0xa83 ./Core/Src/drone_utils.o
 .debug_line    0x00001ae7      0xba3 ./Core/Src/e104bt52.o
 .debug_line    0x0000268a      0x831 ./Core/Src/gpio.o
 .debug_line    0x00002ebb      0x867 ./Core/Src/i2c.o
 .debug_line    0x00003722      0x825 ./Core/Src/led.o
 .debug_line    0x00003f47      0xabc ./Core/Src/main.o
 .debug_line    0x00004a03      0x998 ./Core/Src/motor.o
 .debug_line    0x0000539b      0xc72 ./Core/Src/qmi8658.o
 .debug_line    0x0000600d      0x7fd ./Core/Src/stm32f1xx_hal_msp.o
 .debug_line    0x0000680a      0x94e ./Core/Src/stm32f1xx_it.o
 .debug_line    0x00007158      0x87a ./Core/Src/system_stm32f1xx.o
 .debug_line    0x000079d2      0x96f ./Core/Src/tim.o
 .debug_line    0x00008341      0x8b4 ./Core/Src/usart.o
 .debug_line    0x00008bf5       0x78 ./Core/Startup/startup_stm32f103tbux.o
 .debug_line    0x00008c6d      0xaa7 ./Drivers/STM32F1xx_HAL_Driver/Src/stm32f1xx_hal.o
 .debug_line    0x00009714     0x1124 ./Drivers/STM32F1xx_HAL_Driver/Src/stm32f1xx_hal_adc.o
 .debug_line    0x0000a838      0xc93 ./Drivers/STM32F1xx_HAL_Driver/Src/stm32f1xx_hal_cortex.o
 .debug_line    0x0000b4cb      0xf00 ./Drivers/STM32F1xx_HAL_Driver/Src/stm32f1xx_hal_dma.o
 .debug_line    0x0000c3cb      0xb40 ./Drivers/STM32F1xx_HAL_Driver/Src/stm32f1xx_hal_gpio.o
 .debug_line    0x0000cf0b     0x3d44 ./Drivers/STM32F1xx_HAL_Driver/Src/stm32f1xx_hal_i2c.o
 .debug_line    0x00010c4f      0xeb0 ./Drivers/STM32F1xx_HAL_Driver/Src/stm32f1xx_hal_rcc.o
 .debug_line    0x00011aff      0x9f1 ./Drivers/STM32F1xx_HAL_Driver/Src/stm32f1xx_hal_rcc_ex.o
 .debug_line    0x000124f0     0x35cc ./Drivers/STM32F1xx_HAL_Driver/Src/stm32f1xx_hal_tim.o
 .debug_line    0x00015abc     0x19f6 ./Drivers/STM32F1xx_HAL_Driver/Src/stm32f1xx_hal_tim_ex.o
 .debug_line    0x000174b2     0x2986 ./Drivers/STM32F1xx_HAL_Driver/Src/stm32f1xx_hal_uart.o

.debug_str      0x00000000    0x92058
 .debug_str     0x00000000    0x89b69 ./Core/Src/adc.o
                              0x89f20 (size before relaxing)
 .debug_str     0x00089b69      0x2bf ./Core/Src/dma.o
                              0x89dd9 (size before relaxing)
 .debug_str     0x00089e28     0x3b40 ./Core/Src/drone_utils.o
                               0x7b9b (size before relaxing)
 .debug_str     0x0008d968      0x3a2 ./Core/Src/e104bt52.o
                              0x8d9df (size before relaxing)
 .debug_str     0x0008dd0a       0x4e ./Core/Src/gpio.o
                              0x89ba9 (size before relaxing)
 .debug_str     0x0008dd58      0x2a3 ./Core/Src/i2c.o
                              0x8a34e (size before relaxing)
 .debug_str     0x0008dffb       0x3f ./Core/Src/led.o
                              0x89b15 (size before relaxing)
 .debug_str     0x0008e03a      0x59a ./Core/Src/main.o
                              0x8ddc7 (size before relaxing)
 .debug_str     0x0008e5d4       0x2f ./Core/Src/motor.o
                              0x8d8ee (size before relaxing)
 .debug_str     0x0008e603      0x211 ./Core/Src/qmi8658.o
                              0x8dad6 (size before relaxing)
 .debug_str     0x0008e814       0x2c ./Core/Src/stm32f1xx_hal_msp.o
                              0x89b03 (size before relaxing)
 .debug_str     0x0008e840      0x1b8 ./Core/Src/stm32f1xx_it.o
                              0x8a583 (size before relaxing)
 .debug_str     0x0008e9f8       0x7e ./Core/Src/system_stm32f1xx.o
                              0x899e7 (size before relaxing)
 .debug_str     0x0008ea76      0x2d4 ./Core/Src/tim.o
                              0x8a63b (size before relaxing)
 .debug_str     0x0008ed4a       0x6d ./Core/Src/usart.o
                              0x8a318 (size before relaxing)
 .debug_str     0x0008edb7       0x44 ./Core/Startup/startup_stm32f103tbux.o
                                 0x65 (size before relaxing)
 .debug_str     0x0008edfb      0x384 ./Drivers/STM32F1xx_HAL_Driver/Src/stm32f1xx_hal.o
                              0x8a11a (size before relaxing)