../Core/Src/qmi8658.c:37:6:HAL_I2C_MemRxCpltCallback	16	static
../Core/Src/qmi8658.c:47:22:QMI8658_ReadRegisters	40	static
../Core/Src/qmi8658.c:52:22:QMI8658_WriteRegisters	40	static
../Core/Src/qmi8658.c:60:22:QMI8658_ReadRegistersDMA	32	static
../Core/Src/qmi8658.c:65:22:QMI8658_WriteRegistersDMA	32	static
../Core/Src/qmi8658.c:73:6:QMI8658_Init	8	static
../Core/Src/qmi8658.c:132:6:QMI8658_Calibration	80	static
../Core/Src/qmi8658.c:164:6:QMI8658_GetInertiaData	48	static
../Core/Src/qmi8658.c:190:6:QMI8658_GetInertiaData_NoCalibration	40	static
